Archive member included to satisfy reference by file (symbol)

d:/learningsoftware/stm32cubeide/stm32cubeide/stm32cubeide/plugins/com.st.stm32cube.ide.mcu.externaltools.gnu-tools-for-stm32.7-2018-q2-update.win32_1.4.0.202007081208/tools/bin/../lib/gcc/arm-none-eabi/7.3.1/../../../../arm-none-eabi/lib/thumb/v7e-m/fpv5/hard\libc_nano.a(lib_a-errno.o)
                              Core/Src/retarget.o (__errno)
d:/learningsoftware/stm32cubeide/stm32cubeide/stm32cubeide/plugins/com.st.stm32cube.ide.mcu.externaltools.gnu-tools-for-stm32.7-2018-q2-update.win32_1.4.0.202007081208/tools/bin/../lib/gcc/arm-none-eabi/7.3.1/../../../../arm-none-eabi/lib/thumb/v7e-m/fpv5/hard\libc_nano.a(lib_a-exit.o)
                              d:/learningsoftware/stm32cubeide/stm32cubeide/stm32cubeide/plugins/com.st.stm32cube.ide.mcu.externaltools.gnu-tools-for-stm32.7-2018-q2-update.win32_1.4.0.202007081208/tools/bin/../lib/gcc/arm-none-eabi/7.3.1/../../../../arm-none-eabi/lib/thumb/v7e-m/fpv5/hard/crt0.o (exit)
d:/learningsoftware/stm32cubeide/stm32cubeide/stm32cubeide/plugins/com.st.stm32cube.ide.mcu.externaltools.gnu-tools-for-stm32.7-2018-q2-update.win32_1.4.0.202007081208/tools/bin/../lib/gcc/arm-none-eabi/7.3.1/../../../../arm-none-eabi/lib/thumb/v7e-m/fpv5/hard\libc_nano.a(lib_a-impure.o)
                              d:/learningsoftware/stm32cubeide/stm32cubeide/stm32cubeide/plugins/com.st.stm32cube.ide.mcu.externaltools.gnu-tools-for-stm32.7-2018-q2-update.win32_1.4.0.202007081208/tools/bin/../lib/gcc/arm-none-eabi/7.3.1/../../../../arm-none-eabi/lib/thumb/v7e-m/fpv5/hard\libc_nano.a(lib_a-exit.o) (_global_impure_ptr)
d:/learningsoftware/stm32cubeide/stm32cubeide/stm32cubeide/plugins/com.st.stm32cube.ide.mcu.externaltools.gnu-tools-for-stm32.7-2018-q2-update.win32_1.4.0.202007081208/tools/bin/../lib/gcc/arm-none-eabi/7.3.1/../../../../arm-none-eabi/lib/thumb/v7e-m/fpv5/hard\libc_nano.a(lib_a-init.o)
                              d:/learningsoftware/stm32cubeide/stm32cubeide/stm32cubeide/plugins/com.st.stm32cube.ide.mcu.externaltools.gnu-tools-for-stm32.7-2018-q2-update.win32_1.4.0.202007081208/tools/bin/../lib/gcc/arm-none-eabi/7.3.1/../../../../arm-none-eabi/lib/thumb/v7e-m/fpv5/hard/crt0.o (__libc_init_array)
d:/learningsoftware/stm32cubeide/stm32cubeide/stm32cubeide/plugins/com.st.stm32cube.ide.mcu.externaltools.gnu-tools-for-stm32.7-2018-q2-update.win32_1.4.0.202007081208/tools/bin/../lib/gcc/arm-none-eabi/7.3.1/../../../../arm-none-eabi/lib/thumb/v7e-m/fpv5/hard\libc_nano.a(lib_a-memset.o)
                              d:/learningsoftware/stm32cubeide/stm32cubeide/stm32cubeide/plugins/com.st.stm32cube.ide.mcu.externaltools.gnu-tools-for-stm32.7-2018-q2-update.win32_1.4.0.202007081208/tools/bin/../lib/gcc/arm-none-eabi/7.3.1/../../../../arm-none-eabi/lib/thumb/v7e-m/fpv5/hard/crt0.o (memset)
d:/learningsoftware/stm32cubeide/stm32cubeide/stm32cubeide/plugins/com.st.stm32cube.ide.mcu.externaltools.gnu-tools-for-stm32.7-2018-q2-update.win32_1.4.0.202007081208/tools/bin/../lib/gcc/arm-none-eabi/7.3.1/../../../../arm-none-eabi/lib/thumb/v7e-m/fpv5/hard\libc_nano.a(lib_a-printf.o)
                              Core/Src/main.o (printf)
d:/learningsoftware/stm32cubeide/stm32cubeide/stm32cubeide/plugins/com.st.stm32cube.ide.mcu.externaltools.gnu-tools-for-stm32.7-2018-q2-update.win32_1.4.0.202007081208/tools/bin/../lib/gcc/arm-none-eabi/7.3.1/../../../../arm-none-eabi/lib/thumb/v7e-m/fpv5/hard\libc_nano.a(lib_a-puts.o)
                              Core/Src/main.o (puts)
d:/learningsoftware/stm32cubeide/stm32cubeide/stm32cubeide/plugins/com.st.stm32cube.ide.mcu.externaltools.gnu-tools-for-stm32.7-2018-q2-update.win32_1.4.0.202007081208/tools/bin/../lib/gcc/arm-none-eabi/7.3.1/../../../../arm-none-eabi/lib/thumb/v7e-m/fpv5/hard\libc_nano.a(lib_a-rand.o)
                              Core/Src/myMisc.o (rand)
d:/learningsoftware/stm32cubeide/stm32cubeide/stm32cubeide/plugins/com.st.stm32cube.ide.mcu.externaltools.gnu-tools-for-stm32.7-2018-q2-update.win32_1.4.0.202007081208/tools/bin/../lib/gcc/arm-none-eabi/7.3.1/../../../../arm-none-eabi/lib/thumb/v7e-m/fpv5/hard\libc_nano.a(lib_a-setvbuf.o)
                              Core/Src/retarget.o (setvbuf)
d:/learningsoftware/stm32cubeide/stm32cubeide/stm32cubeide/plugins/com.st.stm32cube.ide.mcu.externaltools.gnu-tools-for-stm32.7-2018-q2-update.win32_1.4.0.202007081208/tools/bin/../lib/gcc/arm-none-eabi/7.3.1/../../../../arm-none-eabi/lib/thumb/v7e-m/fpv5/hard\libc_nano.a(lib_a-strcmp.o)
                              Core/Src/myCLI.o (strcmp)
d:/learningsoftware/stm32cubeide/stm32cubeide/stm32cubeide/plugins/com.st.stm32cube.ide.mcu.externaltools.gnu-tools-for-stm32.7-2018-q2-update.win32_1.4.0.202007081208/tools/bin/../lib/gcc/arm-none-eabi/7.3.1/../../../../arm-none-eabi/lib/thumb/v7e-m/fpv5/hard\libc_nano.a(lib_a-strlen.o)
                              Core/Src/myDebug.o (strlen)
[...]
Memory Configuration

Name             Origin             Length             Attributes
RAM              0x0000000020000000 0x0000000000080000 xrw
FLASH            0x0000000008000000 0x0000000000200000 xr
*default*        0x0000000000000000 0xffffffffffffffff

Linker script and memory map

LOAD d:/learningsoftware/stm32cubeide/stm32cubeide/stm32cubeide/plugins/com.st.stm32cube.ide.mcu.externaltools.gnu-tools-for-stm32.7-2018-q2-update.win32_1.4.0.202007081208/tools/bin/../lib/gcc/arm-none-eabi/7.3.1/thumb/v7e-m/fpv5/hard/crti.o
LOAD d:/learningsoftware/stm32cubeide/stm32cubeide/stm32cubeide/plugins/com.st.stm32cube.ide.mcu.externaltools.gnu-tools-for-stm32.7-2018-q2-update.win32_1.4.0.202007081208/tools/bin/../lib/gcc/arm-none-eabi/7.3.1/thumb/v7e-m/fpv5/hard/crtbegin.o
LOAD d:/learningsoftware/stm32cubeide/stm32cubeide/stm32cubeide/plugins/com.st.stm32cube.ide.mcu.externaltools.gnu-tools-for-stm32.7-2018-q2-update.win32_1.4.0.202007081208/tools/bin/../lib/gcc/arm-none-eabi/7.3.1/../../../../arm-none-eabi/lib/thumb/v7e-m/fpv5/hard/crt0.o
LOAD Core/Src/eth.o
LOAD Core/Src/gpio.o
LOAD Core/Src/iwdg.o
LOAD Core/Src/main.o
LOAD Core/Src/myCLI.o
LOAD Core/Src/myDebug.o
LOAD Core/Src/myMisc.o
LOAD Core/Src/retarget.o
LOAD Core/Src/stm32f7xx_hal_msp.o
LOAD Core/Src/stm32f7xx_it.o
LOAD Core/Src/sysmem.o
LOAD Core/Src/system_stm32f7xx.o
LOAD Core/Src/tim.o
LOAD Core/Src/usart.o
LOAD Core/Src/usb_otg.o
LOAD Core/Startup/startup_stm32f767zitx.o
LOAD Drivers/STM32F7xx_HAL_Driver/Src/stm32f7xx_hal.o
LOAD Drivers/STM32F7xx_HAL_Driver/Src/stm32f7xx_hal_cortex.o
LOAD Drivers/STM32F7xx_HAL_Driver/Src/stm32f7xx_hal_dma.o
LOAD Drivers/STM32F7xx_HAL_Driver/Src/stm32f7xx_hal_dma_ex.o
LOAD Drivers/STM32F7xx_HAL_Driver/Src/stm32f7xx_hal_eth.o
LOAD Drivers/STM32F7xx_HAL_Driver/Src/stm32f7xx_hal_exti.o
LOAD Drivers/STM32F7xx_HAL_Driver/Src/stm32f7xx_hal_flash.o
LOAD Drivers/STM32F7xx_HAL_Driver/Src/stm32f7xx_hal_flash_ex.o
LOAD Drivers/STM32F7xx_HAL_Driver/Src/stm32f7xx_hal_gpio.o
LOAD Drivers/STM32F7xx_HAL_Driver/Src/stm32f7xx_hal_i2c.o
LOAD Drivers/STM32F7xx_HAL_Driver/Src/stm32f7xx_hal_i2c_ex.o
LOAD Drivers/STM32F7xx_HAL_Driver/Src/stm32f7xx_hal_iwdg.o
LOAD Drivers/STM32F7xx_HAL_Driver/Src/stm32f7xx_hal_pcd.o
LOAD Drivers/STM32F7xx_HAL_Driver/Src/stm32f7xx_hal_pcd_ex.o
LOAD Drivers/STM32F7xx_HAL_Driver/Src/stm32f7xx_hal_pwr.o
LOAD Drivers/STM32F7xx_HAL_Driver/Src/stm32f7xx_hal_pwr_ex.o
LOAD Drivers/STM32F7xx_HAL_Driver/Src/stm32f7xx_hal_rcc.o
LOAD Drivers/STM32F7xx_HAL_Driver/Src/stm32f7xx_hal_rcc_ex.o
LOAD Drivers/STM32F7xx_HAL_Driver/Src/stm32f7xx_hal_tim.o
LOAD Drivers/STM32F7xx_HAL_Driver/Src/stm32f7xx_hal_tim_ex.o
LOAD Drivers/STM32F7xx_HAL_Driver/Src/stm32f7xx_hal_uart.o
LOAD Drivers/STM32F7xx_HAL_Driver/Src/stm32f7xx_hal_uart_ex.o
LOAD Drivers/STM32F7xx_HAL_Driver/Src/stm32f7xx_ll_usb.o
START GROUP
LOAD d:/learningsoftware/stm32cubeide/stm32cubeide/stm32cubeide/plugins/com.st.stm32cube.ide.mcu.externaltools.gnu-tools-for-stm32.7-2018-q2-update.win32_1.4.0.202007081208/tools/bin/../lib/gcc/arm-none-eabi/7.3.1/../../../../arm-none-eabi/lib/thumb/v7e-m/fpv5/hard\libc_nano.a
LOAD d:/learningsoftware/stm32cubeide/stm32cubeide/stm32cubeide/plugins/com.st.stm32cube.ide.mcu.externaltools.gnu-tools-for-stm32.7-2018-q2-update.win32_1.4.0.202007081208/tools/bin/../lib/gcc/arm-none-eabi/7.3.1/../../../../arm-none-eabi/lib/thumb/v7e-m/fpv5/hard\libm.a
END GROUP
START GROUP
LOAD d:/learningsoftware/stm32cubeide/stm32cubeide/stm32cubeide/plugins/com.st.stm32cube.ide.mcu.externaltools.gnu-tools-for-stm32.7-2018-q2-update.win32_1.4.0.202007081208/tools/bin/../lib/gcc/arm-none-eabi/7.3.1/thumb/v7e-m/fpv5/hard\libgcc.a
LOAD d:/learningsoftware/stm32cubeide/stm32cubeide/stm32cubeide/plugins/com.st.stm32cube.ide.mcu.externaltools.gnu-tools-for-stm32.7-2018-q2-update.win32_1.4.0.202007081208/tools/bin/../lib/gcc/arm-none-eabi/7.3.1/../../../../arm-none-eabi/lib/thumb/v7e-m/fpv5/hard\libc_nano.a
END GROUP
START GROUP
LOAD d:/learningsoftware/stm32cubeide/stm32cubeide/stm32cubeide/plugins/com.st.stm32cube.ide.mcu.externaltools.gnu-tools-for-stm32.7-2018-q2-update.win32_1.4.0.202007081208/tools/bin/../lib/gcc/arm-none-eabi/7.3.1/thumb/v7e-m/fpv5/hard\libgcc.a
LOAD d:/learningsoftware/stm32cubeide/stm32cubeide/stm32cubeide/plugins/com.st.stm32cube.ide.mcu.externaltools.gnu-tools-for-stm32.7-2018-q2-update.win32_1.4.0.202007081208/tools/bin/../lib/gcc/arm-none-eabi/7.3.1/../../../../arm-none-eabi/lib/thumb/v7e-m/fpv5/hard\libc_nano.a
LOAD d:/learningsoftware/stm32cubeide/stm32cubeide/stm32cubeide/plugins/com.st.stm32cube.ide.mcu.externaltools.gnu-tools-for-stm32.7-2018-q2-update.win32_1.4.0.202007081208/tools/bin/../lib/gcc/arm-none-eabi/7.3.1/../../../../arm-none-eabi/lib/thumb/v7e-m/fpv5/hard\libnosys.a
END GROUP
START GROUP
LOAD d:/learningsoftware/stm32cubeide/stm32cubeide/stm32cubeide/plugins/com.st.stm32cube.ide.mcu.externaltools.gnu-tools-for-stm32.7-2018-q2-update.win32_1.4.0.202007081208/tools/bin/../lib/gcc/arm-none-eabi/7.3.1/thumb/v7e-m/fpv5/hard\libgcc.a
LOAD d:/learningsoftware/stm32cubeide/stm32cubeide/stm32cubeide/plugins/com.st.stm32cube.ide.mcu.externaltools.gnu-tools-for-stm32.7-2018-q2-update.win32_1.4.0.202007081208/tools/bin/../lib/gcc/arm-none-eabi/7.3.1/../../../../arm-none-eabi/lib/thumb/v7e-m/fpv5/hard\libc_nano.a
LOAD d:/learningsoftware/stm32cubeide/stm32cubeide/stm32cubeide/plugins/com.st.stm32cube.ide.mcu.externaltools.gnu-tools-for-stm32.7-2018-q2-update.win32_1.4.0.202007081208/tools/bin/../lib/gcc/arm-none-eabi/7.3.1/../../../../arm-none-eabi/lib/thumb/v7e-m/fpv5/hard\libnosys.a
END GROUP
LOAD d:/learningsoftware/stm32cubeide/stm32cubeide/stm32cubeide/plugins/com.st.stm32cube.ide.mcu.externaltools.gnu-tools-for-stm32.7-2018-q2-update.win32_1.4.0.202007081208/tools/bin/../lib/gcc/arm-none-eabi/7.3.1/thumb/v7e-m/fpv5/hard/crtend.o
LOAD d:/learningsoftware/stm32cubeide/stm32cubeide/stm32cubeide/plugins/com.st.stm32cube.ide.mcu.externaltools.gnu-tools-for-stm32.7-2018-q2-update.win32_1.4.0.202007081208/tools/bin/../lib/gcc/arm-none-eabi/7.3.1/thumb/v7e-m/fpv5/hard/crtn.o
                0x0000000020080000                _estack = (ORIGIN (RAM) + LENGTH (RAM))
                0x0000000000000200                _Min_Heap_Size = 0x200
                0x0000000000000400                _Min_Stack_Size = 0x400

.isr_vector     0x0000000008000000      0x1f8
                0x0000000008000000                . = ALIGN (0x4)
 *(.isr_vector)
 .isr_vector    0x0000000008000000      0x1f8 Core/Startup/startup_stm32f767zitx.o
                0x0000000008000000                g_pfnVectors
                0x00000000080001f8                . = ALIGN (0x4)

.text           0x0000000008000200     0x53e0
                0x0000000008000200                . = ALIGN (0x4)
 *(.text)
 .text          0x0000000008000200       0x40 d:/learningsoftware/stm32cubeide/stm32cubeide/stm32cubeide/plugins/com.st.stm32cube.ide.mcu.externaltools.gnu-tools-for-stm32.7-2018-q2-update.win32_1.4.0.202007081208/tools/bin/../lib/gcc/arm-none-eabi/7.3.1/thumb/v7e-m/fpv5/hard/crtbegin.o
 .text          0x0000000008000240       0x14 d:/learningsoftware/stm32cubeide/stm32cubeide/stm32cubeide/plugins/com.st.stm32cube.ide.mcu.externaltools.gnu-tools-for-stm32.7-2018-q2-update.win32_1.4.0.202007081208/tools/bin/../lib/gcc/arm-none-eabi/7.3.1/../../../../arm-none-eabi/lib/thumb/v7e-m/fpv5/hard\libc_nano.a(lib_a-strcmp.o)
                0x0000000008000240                strcmp
 *fill*         0x0000000008000254        0xc 
 .text          0x0000000008000260       0xa0 d:/learningsoftware/stm32cubeide/stm32cubeide/stm32cubeide/plugins/com.st.stm32cube.ide.mcu.externaltools.gnu-tools-for-stm32.7-2018-q2-update.win32_1.4.0.202007081208/tools/bin/../lib/gcc/arm-none-eabi/7.3.1/../../../../arm-none-eabi/lib/thumb/v7e-m/fpv5/hard\libc_nano.a(lib_a-memchr.o)
                0x0000000008000260                memchr
 .text          0x0000000008000300       0x30 d:/learningsoftware/stm32cubeide/stm32cubeide/stm32cubeide/plugins/com.st.stm32cube.ide.mcu.externaltools.gnu-tools-for-stm32.7-2018-q2-update.win32_1.4.0.202007081208/tools/bin/../lib/gcc/arm-none-eabi/7.3.1/thumb/v7e-m/fpv5/hard\libgcc.a(_aeabi_uldivmod.o)
                0x0000000008000300                __aeabi_uldivmod
 .text          0x0000000008000330      0x2cc d:/learningsoftware/stm32cubeide/stm32cubeide/stm32cubeide/plugins/com.st.stm32cube.ide.mcu.externaltools.gnu-tools-for-stm32.7-2018-q2-update.win32_1.4.0.202007081208/tools/bin/../lib/gcc/arm-none-eabi/7.3.1/thumb/v7e-m/fpv5/hard\libgcc.a(_udivmoddi4.o)
                0x0000000008000330                __udivmoddi4
 .text          0x00000000080005fc        0x4 d:/learningsoftware/stm32cubeide/stm32cubeide/stm32cubeide/plugins/com.st.stm32cube.ide.mcu.externaltools.gnu-tools-for-stm32.7-2018-q2-update.win32_1.4.0.202007081208/tools/bin/../lib/gcc/arm-none-eabi/7.3.1/thumb/v7e-m/fpv5/hard\libgcc.a(_dvmd_tls.o)
                0x00000000080005fc                __aeabi_idiv0
                0x00000000080005fc                __aeabi_ldiv0
 *(.text*)
 .text.MX_GPIO_Init
                0x0000000008000600      0x194 Core/Src/gpio.o
                0x0000000008000600                MX_GPIO_Init
 .text.main     0x0000000008000794       0xc4 Core/Src/main.o
                0x0000000008000794                main
 .text.SystemClock_Config
                0x0000000008000858      0x130 Core/Src/main.o
                0x0000000008000858                SystemClock_Config
 .text._Error_Handler
                0x0000000008000988       0x1c Core/Src/main.o
                0x0000000008000988                _Error_Handler
 .text.HAL_TIM_PeriodElapsedCallback
                0x00000000080009a4       0x50 Core/Src/main.o
                0x00000000080009a4                HAL_TIM_PeriodElapsedCallback
 .text.Error_Handler
                0x00000000080009f4        0xe Core/Src/main.o
                0x00000000080009f4                Error_Handler
 *fill*         0x0000000008000a02        0x2 
 .text.__NVIC_SystemReset
                0x0000000008000a04       0x28 Core/Src/myCLI.o
 .text.vUART_CLI_Init
                0x0000000008000a2c       0x70 Core/Src/myCLI.o
                0x0000000008000a2c                vUART_CLI_Init
 .text.HAL_UART_RxCpltCallback
                0x0000000008000a9c       0x88 Core/Src/myCLI.o
                0x0000000008000a9c                HAL_UART_RxCpltCallback
 .text.vExecuteCLIcmd
                0x0000000008000b24      0x24c Core/Src/myCLI.o
                0x0000000008000b24                vExecuteCLIcmd
 .text.resetCauseGet
                0x0000000008000d70       0xa4 Core/Src/myDebug.o
                0x0000000008000d70                resetCauseGet
 .text.resetCauseGetName
                0x0000000008000e14       0xa0 Core/Src/myDebug.o
                0x0000000008000e14                resetCauseGetName
 .text.vIWDG_Init
                0x0000000008000eb4       0x54 Core/Src/myDebug.o
                0x0000000008000eb4                vIWDG_Init
 .text.vTimeStamp
                0x0000000008000f08       0xf0 Core/Src/myDebug.o
                0x0000000008000f08                vTimeStamp
 .text.vPrintProcessingTime
                0x0000000008000ff8       0x4c Core/Src/myDebug.o
                0x0000000008000ff8                vPrintProcessingTime
 .text.RetargetInit
                0x0000000008001044       0x30 Core/Src/retarget.o
                0x0000000008001044                RetargetInit
 .text._isatty  0x0000000008001074       0x2c Core/Src/retarget.o
                0x0000000008001074                _isatty
 .text._write   0x00000000080010a0       0x58 Core/Src/retarget.o
                0x00000000080010a0                _write
 .text._close   0x00000000080010f8       0x2e Core/Src/retarget.o
                0x00000000080010f8                _close
 .text._lseek   0x0000000008001126       0x22 Core/Src/retarget.o
                0x0000000008001126                _lseek
 .text._read    0x0000000008001148       0x50 Core/Src/retarget.o
                0x0000000008001148                _read
 .text._fstat   0x0000000008001198       0x36 Core/Src/retarget.o
                0x0000000008001198                _fstat
 *fill*         0x00000000080011ce        0x2 
 .text.HAL_MspInit
                0x00000000080011d0       0x48 Core/Src/stm32f7xx_hal_msp.o
                0x00000000080011d0                HAL_MspInit
 .text.NMI_Handler
                0x0000000008001218        0xe Core/Src/stm32f7xx_it.o
                0x0000000008001218                NMI_Handler
 .text.HardFault_Handler
                0x0000000008001226        0x6 Core/Src/stm32f7xx_it.o
                0x0000000008001226                HardFault_Handler
 .text.MemManage_Handler
                0x000000000800122c        0x6 Core/Src/stm32f7xx_it.o
                0x000000000800122c                MemManage_Handler
 .text.BusFault_Handler
                0x0000000008001232        0x6 Core/Src/stm32f7xx_it.o
                0x0000000008001232                BusFault_Handler
 .text.UsageFault_Handler
                0x0000000008001238        0x6 Core/Src/stm32f7xx_it.o
                0x0000000008001238                UsageFault_Handler
 .text.SVC_Handler
                0x000000000800123e        0xe Core/Src/stm32f7xx_it.o
                0x000000000800123e                SVC_Handler
 .text.DebugMon_Handler
                0x000000000800124c        0xe Core/Src/stm32f7xx_it.o
                0x000000000800124c                DebugMon_Handler
 .text.PendSV_Handler
                0x000000000800125a        0xe Core/Src/stm32f7xx_it.o
                0x000000000800125a                PendSV_Handler
 .text.SysTick_Handler
                0x0000000008001268        0xc Core/Src/stm32f7xx_it.o
                0x0000000008001268                SysTick_Handler
 .text.EXTI15_10_IRQHandler
                0x0000000008001274       0x10 Core/Src/stm32f7xx_it.o
                0x0000000008001274                EXTI15_10_IRQHandler
 .text.TIM8_TRG_COM_TIM14_IRQHandler
                0x0000000008001284       0x14 Core/Src/stm32f7xx_it.o
                0x0000000008001284                TIM8_TRG_COM_TIM14_IRQHandler
 .text.UART7_IRQHandler
                0x0000000008001298       0x14 Core/Src/stm32f7xx_it.o
                0x0000000008001298                UART7_IRQHandler
 .text._sbrk    0x00000000080012ac       0x6c Core/Src/sysmem.o
                0x00000000080012ac                _sbrk
 .text.SystemInit
                0x0000000008001318       0x2c Core/Src/system_stm32f7xx.o
                0x0000000008001318                SystemInit
 .text.MX_TIM14_Init
                0x0000000008001344       0x48 Core/Src/tim.o
                0x0000000008001344                MX_TIM14_Init
 .text.HAL_TIM_Base_MspInit
                0x000000000800138c       0x4c Core/Src/tim.o
                0x000000000800138c                HAL_TIM_Base_MspInit
 .text.HAL_UART_MspInit
                0x00000000080013d8       0x98 Core/Src/usart.o
                0x00000000080013d8                HAL_UART_MspInit
 .text.Reset_Handler
                0x0000000008001470       0x50 Core/Startup/startup_stm32f767zitx.o
                0x0000000008001470                Reset_Handler
 .text.Default_Handler
                0x00000000080014c0        0x2 Core/Startup/startup_stm32f767zitx.o
                0x00000000080014c0                RTC_Alarm_IRQHandler
                0x00000000080014c0                EXTI2_IRQHandler
                0x00000000080014c0                TIM8_CC_IRQHandler
                0x00000000080014c0                UART8_IRQHandler
                0x00000000080014c0                SPI4_IRQHandler
                0x00000000080014c0                TIM1_CC_IRQHandler
                0x00000000080014c0                DMA2_Stream5_IRQHandler
                0x00000000080014c0                JPEG_IRQHandler
                0x00000000080014c0                DMA1_Stream5_IRQHandler
                0x00000000080014c0                CAN3_RX1_IRQHandler
                0x00000000080014c0                PVD_IRQHandler
                0x00000000080014c0                TAMP_STAMP_IRQHandler
                0x00000000080014c0                CAN2_RX1_IRQHandler
                0x00000000080014c0                EXTI3_IRQHandler
                0x00000000080014c0                DFSDM1_FLT1_IRQHandler
                0x00000000080014c0                TIM1_UP_TIM10_IRQHandler
                0x00000000080014c0                TIM8_UP_TIM13_IRQHandler
                0x00000000080014c0                I2C3_ER_IRQHandler
                0x00000000080014c0                DFSDM1_FLT2_IRQHandler
                0x00000000080014c0                EXTI0_IRQHandler
                0x00000000080014c0                I2C2_EV_IRQHandler
                0x00000000080014c0                DMA1_Stream2_IRQHandler
                0x00000000080014c0                CAN1_RX0_IRQHandler
                0x00000000080014c0                FPU_IRQHandler
                0x00000000080014c0                OTG_HS_WKUP_IRQHandler
                0x00000000080014c0                CAN3_SCE_IRQHandler
                0x00000000080014c0                LTDC_ER_IRQHandler
                0x00000000080014c0                CAN2_SCE_IRQHandler
                0x00000000080014c0                DMA2_Stream2_IRQHandler
                0x00000000080014c0                SPI1_IRQHandler
                0x00000000080014c0                TIM6_DAC_IRQHandler
                0x00000000080014c0                TIM1_BRK_TIM9_IRQHandler
                0x00000000080014c0                DCMI_IRQHandler
                0x00000000080014c0                CAN2_RX0_IRQHandler
                0x00000000080014c0                DMA2_Stream3_IRQHandler
                0x00000000080014c0                SAI2_IRQHandler
                0x00000000080014c0                DFSDM1_FLT3_IRQHandler
                0x00000000080014c0                USART6_IRQHandler
                0x00000000080014c0                CAN3_RX0_IRQHandler
                0x00000000080014c0                USART3_IRQHandler
                0x00000000080014c0                CAN1_RX1_IRQHandler
                0x00000000080014c0                UART5_IRQHandler
                0x00000000080014c0                DMA2_Stream0_IRQHandler
                0x00000000080014c0                TIM4_IRQHandler
                0x00000000080014c0                QUADSPI_IRQHandler
                0x00000000080014c0                I2C1_EV_IRQHandler
                0x00000000080014c0                DMA1_Stream6_IRQHandler
                0x00000000080014c0                DMA1_Stream1_IRQHandler
                0x00000000080014c0                UART4_IRQHandler
                0x00000000080014c0                TIM3_IRQHandler
                0x00000000080014c0                RCC_IRQHandler
                0x00000000080014c0                TIM8_BRK_TIM12_IRQHandler
                0x00000000080014c0                Default_Handler
                0x00000000080014c0                CEC_IRQHandler
                0x00000000080014c0                ADC_IRQHandler
                0x00000000080014c0                DMA1_Stream7_IRQHandler
                0x00000000080014c0                SPI5_IRQHandler
                0x00000000080014c0                TIM7_IRQHandler
                0x00000000080014c0                SDMMC1_IRQHandler
                0x00000000080014c0                CAN2_TX_IRQHandler
                0x00000000080014c0                TIM5_IRQHandler
                0x00000000080014c0                DMA2_Stream7_IRQHandler
                0x00000000080014c0                I2C3_EV_IRQHandler
                0x00000000080014c0                EXTI9_5_IRQHandler
                0x00000000080014c0                RTC_WKUP_IRQHandler
                0x00000000080014c0                LTDC_IRQHandler
                0x00000000080014c0                ETH_WKUP_IRQHandler
                0x00000000080014c0                SPDIF_RX_IRQHandler
                0x00000000080014c0                SPI2_IRQHandler
                0x00000000080014c0                OTG_HS_EP1_IN_IRQHandler
                0x00000000080014c0                DMA1_Stream0_IRQHandler
                0x00000000080014c0                CAN1_TX_IRQHandler
                0x00000000080014c0                EXTI4_IRQHandler
                0x00000000080014c0                RNG_IRQHandler
                0x00000000080014c0                ETH_IRQHandler
                0x00000000080014c0                OTG_HS_EP1_OUT_IRQHandler
                0x00000000080014c0                WWDG_IRQHandler
                0x00000000080014c0                SPI6_IRQHandler
                0x00000000080014c0                MDIOS_IRQHandler
                0x00000000080014c0                I2C4_EV_IRQHandler
                0x00000000080014c0                CAN3_TX_IRQHandler
                0x00000000080014c0                TIM2_IRQHandler
                0x00000000080014c0                OTG_FS_WKUP_IRQHandler
                0x00000000080014c0                TIM1_TRG_COM_TIM11_IRQHandler
                0x00000000080014c0                OTG_HS_IRQHandler
                0x00000000080014c0                DMA2D_IRQHandler
                0x00000000080014c0                EXTI1_IRQHandler
                0x00000000080014c0                SDMMC2_IRQHandler
                0x00000000080014c0                USART2_IRQHandler
                0x00000000080014c0                DFSDM1_FLT0_IRQHandler
                0x00000000080014c0                I2C2_ER_IRQHandler
                0x00000000080014c0                DMA2_Stream1_IRQHandler
                0x00000000080014c0                CAN1_SCE_IRQHandler
                0x00000000080014c0                FLASH_IRQHandler
                0x00000000080014c0                DMA2_Stream4_IRQHandler
                0x00000000080014c0                USART1_IRQHandler
                0x00000000080014c0                OTG_FS_IRQHandler
                0x00000000080014c0                SPI3_IRQHandler
                0x00000000080014c0                DMA1_Stream4_IRQHandler
                0x00000000080014c0                I2C1_ER_IRQHandler
                0x00000000080014c0                FMC_IRQHandler
                0x00000000080014c0                LPTIM1_IRQHandler
                0x00000000080014c0                I2C4_ER_IRQHandler
                0x00000000080014c0                DMA2_Stream6_IRQHandler
                0x00000000080014c0                SAI1_IRQHandler
                0x00000000080014c0                DMA1_Stream3_IRQHandler
 .text.HAL_Init
                0x00000000080014c2       0x1a Drivers/STM32F7xx_HAL_Driver/Src/stm32f7xx_hal.o
                0x00000000080014c2                HAL_Init
 .text.HAL_InitTick
                0x00000000080014dc       0x60 Drivers/STM32F7xx_HAL_Driver/Src/stm32f7xx_hal.o
                0x00000000080014dc                HAL_InitTick
 .text.HAL_IncTick
                0x000000000800153c       0x28 Drivers/STM32F7xx_HAL_Driver/Src/stm32f7xx_hal.o
                0x000000000800153c                HAL_IncTick
 .text.HAL_GetTick
                0x0000000008001564       0x18 Drivers/STM32F7xx_HAL_Driver/Src/stm32f7xx_hal.o
                0x0000000008001564                HAL_GetTick
 .text.HAL_GetTickFreq
                0x000000000800157c       0x18 Drivers/STM32F7xx_HAL_Driver/Src/stm32f7xx_hal.o
                0x000000000800157c                HAL_GetTickFreq
 .text.HAL_Delay
                0x0000000008001594       0x44 Drivers/STM32F7xx_HAL_Driver/Src/stm32f7xx_hal.o
                0x0000000008001594                HAL_Delay
 .text.__NVIC_SetPriorityGrouping
                0x00000000080015d8       0x48 Drivers/STM32F7xx_HAL_Driver/Src/stm32f7xx_hal_cortex.o
 .text.__NVIC_GetPriorityGrouping
                0x0000000008001620       0x1c Drivers/STM32F7xx_HAL_Driver/Src/stm32f7xx_hal_cortex.o
 .text.__NVIC_EnableIRQ
                0x000000000800163c       0x3c Drivers/STM32F7xx_HAL_Driver/Src/stm32f7xx_hal_cortex.o
 .text.__NVIC_SetPriority
                0x0000000008001678       0x54 Drivers/STM32F7xx_HAL_Driver/Src/stm32f7xx_hal_cortex.o
 .text.NVIC_EncodePriority
                0x00000000080016cc       0x66 Drivers/STM32F7xx_HAL_Driver/Src/stm32f7xx_hal_cortex.o
 *fill*         0x0000000008001732        0x2 
 .text.SysTick_Config
                0x0000000008001734       0x44 Drivers/STM32F7xx_HAL_Driver/Src/stm32f7xx_hal_cortex.o
 .text.HAL_NVIC_SetPriorityGrouping
                0x0000000008001778       0x16 Drivers/STM32F7xx_HAL_Driver/Src/stm32f7xx_hal_cortex.o
                0x0000000008001778                HAL_NVIC_SetPriorityGrouping
 .text.HAL_NVIC_SetPriority
                0x000000000800178e       0x38 Drivers/STM32F7xx_HAL_Driver/Src/stm32f7xx_hal_cortex.o
                0x000000000800178e                HAL_NVIC_SetPriority
 .text.HAL_NVIC_EnableIRQ
                0x00000000080017c6       0x1c Drivers/STM32F7xx_HAL_Driver/Src/stm32f7xx_hal_cortex.o
                0x00000000080017c6                HAL_NVIC_EnableIRQ
 .text.HAL_SYSTICK_Config
                0x00000000080017e2       0x18 Drivers/STM32F7xx_HAL_Driver/Src/stm32f7xx_hal_cortex.o
                0x00000000080017e2                HAL_SYSTICK_Config
 .text.HAL_DMA_Abort_IT
                0x00000000080017fa       0x44 Drivers/STM32F7xx_HAL_Driver/Src/stm32f7xx_hal_dma.o
                0x00000000080017fa                HAL_DMA_Abort_IT
 *fill*         0x000000000800183e        0x2 
 .text.HAL_GPIO_Init
                0x0000000008001840      0x354 Drivers/STM32F7xx_HAL_Driver/Src/stm32f7xx_hal_gpio.o
                0x0000000008001840                HAL_GPIO_Init
 .text.HAL_GPIO_WritePin
                0x0000000008001b94       0x32 Drivers/STM32F7xx_HAL_Driver/Src/stm32f7xx_hal_gpio.o
                0x0000000008001b94                HAL_GPIO_WritePin
 .text.HAL_GPIO_TogglePin
                0x0000000008001bc6       0x34 Drivers/STM32F7xx_HAL_Driver/Src/stm32f7xx_hal_gpio.o
                0x0000000008001bc6                HAL_GPIO_TogglePin
 *fill*         0x0000000008001bfa        0x2 
 .text.HAL_GPIO_EXTI_IRQHandler
                0x0000000008001bfc       0x30 Drivers/STM32F7xx_HAL_Driver/Src/stm32f7xx_hal_gpio.o
                0x0000000008001bfc                HAL_GPIO_EXTI_IRQHandler
 .text.HAL_GPIO_EXTI_Callback
                0x0000000008001c2c       0x16 Drivers/STM32F7xx_HAL_Driver/Src/stm32f7xx_hal_gpio.o
                0x0000000008001c2c                HAL_GPIO_EXTI_Callback
 .text.HAL_IWDG_Init
                0x0000000008001c42       0x8c Drivers/STM32F7xx_HAL_Driver/Src/stm32f7xx_hal_iwdg.o
                0x0000000008001c42                HAL_IWDG_Init
 .text.HAL_IWDG_Refresh
                0x0000000008001cce       0x20 Drivers/STM32F7xx_HAL_Driver/Src/stm32f7xx_hal_iwdg.o
                0x0000000008001cce                HAL_IWDG_Refresh
 *fill*         0x0000000008001cee        0x2 
 .text.HAL_PWR_EnableBkUpAccess
                0x0000000008001cf0       0x20 Drivers/STM32F7xx_HAL_Driver/Src/stm32f7xx_hal_pwr.o
                0x0000000008001cf0                HAL_PWR_EnableBkUpAccess
 .text.HAL_PWREx_EnableOverDrive
                0x0000000008001d10       0xa0 Drivers/STM32F7xx_HAL_Driver/Src/stm32f7xx_hal_pwr_ex.o
                0x0000000008001d10                HAL_PWREx_EnableOverDrive
 .text.HAL_RCC_OscConfig
                0x0000000008001db0      0x55c Drivers/STM32F7xx_HAL_Driver/Src/stm32f7xx_hal_rcc.o
                0x0000000008001db0                HAL_RCC_OscConfig
 .text.HAL_RCC_ClockConfig
                0x000000000800230c      0x1d8 Drivers/STM32F7xx_HAL_Driver/Src/stm32f7xx_hal_rcc.o
                0x000000000800230c                HAL_RCC_ClockConfig
 .text.HAL_RCC_GetSysClockFreq
                0x00000000080024e4      0x1b0 Drivers/STM32F7xx_HAL_Driver/Src/stm32f7xx_hal_rcc.o
                0x00000000080024e4                HAL_RCC_GetSysClockFreq
 .text.HAL_RCC_GetHCLKFreq
                0x0000000008002694       0x18 Drivers/STM32F7xx_HAL_Driver/Src/stm32f7xx_hal_rcc.o
                0x0000000008002694                HAL_RCC_GetHCLKFreq
 .text.HAL_RCC_GetPCLK1Freq
                0x00000000080026ac       0x28 Drivers/STM32F7xx_HAL_Driver/Src/stm32f7xx_hal_rcc.o
                0x00000000080026ac                HAL_RCC_GetPCLK1Freq
 .text.HAL_RCC_GetPCLK2Freq
                0x00000000080026d4       0x28 Drivers/STM32F7xx_HAL_Driver/Src/stm32f7xx_hal_rcc.o
                0x00000000080026d4                HAL_RCC_GetPCLK2Freq
 .text.HAL_RCCEx_PeriphCLKConfig
                0x00000000080026fc      0x84c Drivers/STM32F7xx_HAL_Driver/Src/stm32f7xx_hal_rcc_ex.o
                0x00000000080026fc                HAL_RCCEx_PeriphCLKConfig
 .text.HAL_TIM_Base_Init
                0x0000000008002f48       0x56 Drivers/STM32F7xx_HAL_Driver/Src/stm32f7xx_hal_tim.o
                0x0000000008002f48                HAL_TIM_Base_Init
 *fill*         0x0000000008002f9e        0x2 
 .text.HAL_TIM_Base_Start_IT
                0x0000000008002fa0       0x54 Drivers/STM32F7xx_HAL_Driver/Src/stm32f7xx_hal_tim.o
                0x0000000008002fa0                HAL_TIM_Base_Start_IT
 .text.HAL_TIM_IRQHandler
                0x0000000008002ff4      0x23e Drivers/STM32F7xx_HAL_Driver/Src/stm32f7xx_hal_tim.o
                0x0000000008002ff4                HAL_TIM_IRQHandler
 .text.HAL_TIM_OC_DelayElapsedCallback
                0x0000000008003232       0x14 Drivers/STM32F7xx_HAL_Driver/Src/stm32f7xx_hal_tim.o
                0x0000000008003232                HAL_TIM_OC_DelayElapsedCallback
 .text.HAL_TIM_IC_CaptureCallback
                0x0000000008003246       0x14 Drivers/STM32F7xx_HAL_Driver/Src/stm32f7xx_hal_tim.o
                0x0000000008003246                HAL_TIM_IC_CaptureCallback
 .text.HAL_TIM_PWM_PulseFinishedCallback
                0x000000000800325a       0x14 Drivers/STM32F7xx_HAL_Driver/Src/stm32f7xx_hal_tim.o
                0x000000000800325a                HAL_TIM_PWM_PulseFinishedCallback
 .text.HAL_TIM_TriggerCallback
                0x000000000800326e       0x14 Drivers/STM32F7xx_HAL_Driver/Src/stm32f7xx_hal_tim.o
                0x000000000800326e                HAL_TIM_TriggerCallback
 *fill*         0x0000000008003282        0x2 
 .text.TIM_Base_SetConfig
                0x0000000008003284      0x140 Drivers/STM32F7xx_HAL_Driver/Src/stm32f7xx_hal_tim.o
                0x0000000008003284                TIM_Base_SetConfig
 .text.HAL_TIMEx_CommutCallback
                0x00000000080033c4       0x14 Drivers/STM32F7xx_HAL_Driver/Src/stm32f7xx_hal_tim_ex.o
                0x00000000080033c4                HAL_TIMEx_CommutCallback
 .text.HAL_TIMEx_BreakCallback
                0x00000000080033d8       0x14 Drivers/STM32F7xx_HAL_Driver/Src/stm32f7xx_hal_tim_ex.o
                0x00000000080033d8                HAL_TIMEx_BreakCallback
 .text.HAL_TIMEx_Break2Callback
                0x00000000080033ec       0x14 Drivers/STM32F7xx_HAL_Driver/Src/stm32f7xx_hal_tim_ex.o
                0x00000000080033ec                HAL_TIMEx_Break2Callback
 .text.HAL_UART_Init
                0x0000000008003400       0x9c Drivers/STM32F7xx_HAL_Driver/Src/stm32f7xx_hal_uart.o
                0x0000000008003400                HAL_UART_Init
 .text.HAL_UART_Transmit
                0x000000000800349c      0x122 Drivers/STM32F7xx_HAL_Driver/Src/stm32f7xx_hal_uart.o
                0x000000000800349c                HAL_UART_Transmit
 .text.HAL_UART_Receive
                0x00000000080035be      0x198 Drivers/STM32F7xx_HAL_Driver/Src/stm32f7xx_hal_uart.o
                0x00000000080035be                HAL_UART_Receive
 *fill*         0x0000000008003756        0x2 
 .text.HAL_UART_Receive_IT
                0x0000000008003758      0x144 Drivers/STM32F7xx_HAL_Driver/Src/stm32f7xx_hal_uart.o
                0x0000000008003758                HAL_UART_Receive_IT
 .text.HAL_UART_IRQHandler
                0x000000000800389c      0x28c Drivers/STM32F7xx_HAL_Driver/Src/stm32f7xx_hal_uart.o
                0x000000000800389c                HAL_UART_IRQHandler
 .text.HAL_UART_TxCpltCallback
                0x0000000008003b28       0x14 Drivers/STM32F7xx_HAL_Driver/Src/stm32f7xx_hal_uart.o
                0x0000000008003b28                HAL_UART_TxCpltCallback
 .text.HAL_UART_ErrorCallback
                0x0000000008003b3c       0x14 Drivers/STM32F7xx_HAL_Driver/Src/stm32f7xx_hal_uart.o
                0x0000000008003b3c                HAL_UART_ErrorCallback
 .text.HAL_UARTEx_WakeupCallback
                0x0000000008003b50       0x14 Drivers/STM32F7xx_HAL_Driver/Src/stm32f7xx_hal_uart.o
                0x0000000008003b50                HAL_UARTEx_WakeupCallback
 .text.UART_SetConfig
                0x0000000008003b64      0x554 Drivers/STM32F7xx_HAL_Driver/Src/stm32f7xx_hal_uart.o
                0x0000000008003b64                UART_SetConfig
 .text.UART_AdvFeatureConfig
                0x00000000080040b8      0x144 Drivers/STM32F7xx_HAL_Driver/Src/stm32f7xx_hal_uart.o
                0x00000000080040b8                UART_AdvFeatureConfig
 .text.UART_CheckIdleState
                0x00000000080041fc       0x8a Drivers/STM32F7xx_HAL_Driver/Src/stm32f7xx_hal_uart.o
                0x00000000080041fc                UART_CheckIdleState
 .text.UART_WaitOnFlagUntilTimeout
                0x0000000008004286       0xf6 Drivers/STM32F7xx_HAL_Driver/Src/stm32f7xx_hal_uart.o
                0x0000000008004286                UART_WaitOnFlagUntilTimeout
 .text.UART_EndRxTransfer
                0x000000000800437c       0x40 Drivers/STM32F7xx_HAL_Driver/Src/stm32f7xx_hal_uart.o
 .text.UART_DMAAbortOnError
                0x00000000080043bc       0x2c Drivers/STM32F7xx_HAL_Driver/Src/stm32f7xx_hal_uart.o
 .text.UART_EndTransmit_IT
                0x00000000080043e8       0x32 Drivers/STM32F7xx_HAL_Driver/Src/stm32f7xx_hal_uart.o
 .text.UART_RxISR_8BIT
                0x000000000800441a       0xa6 Drivers/STM32F7xx_HAL_Driver/Src/stm32f7xx_hal_uart.o
 .text.UART_RxISR_16BIT
                0x00000000080044c0       0xa6 Drivers/STM32F7xx_HAL_Driver/Src/stm32f7xx_hal_uart.o
 *fill*         0x0000000008004566        0x2 
 .text.__errno  0x0000000008004568        0xc d:/learningsoftware/stm32cubeide/stm32cubeide/stm32cubeide/plugins/com.st.stm32cube.ide.mcu.externaltools.gnu-tools-for-stm32.7-2018-q2-update.win32_1.4.0.202007081208/tools/bin/../lib/gcc/arm-none-eabi/7.3.1/../../../../arm-none-eabi/lib/thumb/v7e-m/fpv5/hard\libc_nano.a(lib_a-errno.o)
                0x0000000008004568                __errno
 .text.__libc_init_array
                0x0000000008004574       0x48 d:/learningsoftware/stm32cubeide/stm32cubeide/stm32cubeide/plugins/com.st.stm32cube.ide.mcu.externaltools.gnu-tools-for-stm32.7-2018-q2-update.win32_1.4.0.202007081208/tools/bin/../lib/gcc/arm-none-eabi/7.3.1/../../../../arm-none-eabi/lib/thumb/v7e-m/fpv5/hard\libc_nano.a(lib_a-init.o)
                0x0000000008004574                __libc_init_array
 .text.memset   0x00000000080045bc       0x10 d:/learningsoftware/stm32cubeide/stm32cubeide/stm32cubeide/plugins/com.st.stm32cube.ide.mcu.externaltools.gnu-tools-for-stm32.7-2018-q2-update.win32_1.4.0.202007081208/tools/bin/../lib/gcc/arm-none-eabi/7.3.1/../../../../arm-none-eabi/lib/thumb/v7e-m/fpv5/hard\libc_nano.a(lib_a-memset.o)
                0x00000000080045bc                memset
 .text.printf   0x00000000080045cc       0x30 d:/learningsoftware/stm32cubeide/stm32cubeide/stm32cubeide/plugins/com.st.stm32cube.ide.mcu.externaltools.gnu-tools-for-stm32.7-2018-q2-update.win32_1.4.0.202007081208/tools/bin/../lib/gcc/arm-none-eabi/7.3.1/../../../../arm-none-eabi/lib/thumb/v7e-m/fpv5/hard\libc_nano.a(lib_a-printf.o)
                0x00000000080045cc                iprintf
                0x00000000080045cc                printf
 .text._puts_r  0x00000000080045fc       0xb8 d:/learningsoftware/stm32cubeide/stm32cubeide/stm32cubeide/plugins/com.st.stm32cube.ide.mcu.externaltools.gnu-tools-for-stm32.7-2018-q2-update.win32_1.4.0.202007081208/tools/bin/../lib/gcc/arm-none-eabi/7.3.1/../../../../arm-none-eabi/lib/thumb/v7e-m/fpv5/hard\libc_nano.a(lib_a-puts.o)
                0x00000000080045fc                _puts_r
 .text.puts     0x00000000080046b4       0x10 d:/learningsoftware/stm32cubeide/stm32cubeide/stm32cubeide/plugins/com.st.stm32cube.ide.mcu.externaltools.gnu-tools-for-stm32.7-2018-q2-update.win32_1.4.0.202007081208/tools/bin/../lib/gcc/arm-none-eabi/7.3.1/../../../../arm-none-eabi/lib/thumb/v7e-m/fpv5/hard\libc_nano.a(lib_a-puts.o)
                0x00000000080046b4                puts
 .text.setvbuf  0x00000000080046c4      0x15c d:/learningsoftware/stm32cubeide/stm32cubeide/stm32cubeide/plugins/com.st.stm32cube.ide.mcu.externaltools.gnu-tools-for-stm32.7-2018-q2-update.win32_1.4.0.202007081208/tools/bin/../lib/gcc/arm-none-eabi/7.3.1/../../../../arm-none-eabi/lib/thumb/v7e-m/fpv5/hard\libc_nano.a(lib_a-setvbuf.o)
                0x00000000080046c4                setvbuf
 .text.__swbuf_r
                0x0000000008004820       0xa4 d:/learningsoftware/stm32cubeide/stm32cubeide/stm32cubeide/plugins/com.st.stm32cube.ide.mcu.externaltools.gnu-tools-for-stm32.7-2018-q2-update.win32_1.4.0.202007081208/tools/bin/../lib/gcc/arm-none-eabi/7.3.1/../../../../arm-none-eabi/lib/thumb/v7e-m/fpv5/hard\libc_nano.a(lib_a-wbuf.o)
                0x0000000008004820                __swbuf_r
 .text.__swsetup_r
                0x00000000080048c4       0xdc d:/learningsoftware/stm32cubeide/stm32cubeide/stm32cubeide/plugins/com.st.stm32cube.ide.mcu.externaltools.gnu-tools-for-stm32.7-2018-q2-update.win32_1.4.0.202007081208/tools/bin/../lib/gcc/arm-none-eabi/7.3.1/../../../../arm-none-eabi/lib/thumb/v7e-m/fpv5/hard\libc_nano.a(lib_a-wsetup.o)
                0x00000000080048c4                __swsetup_r
 .text.__sflush_r
                0x00000000080049a0      0x10c d:/learningsoftware/stm32cubeide/stm32cubeide/stm32cubeide/plugins/com.st.stm32cube.ide.mcu.externaltools.gnu-tools-for-stm32.7-2018-q2-update.win32_1.4.0.202007081208/tools/bin/../lib/gcc/arm-none-eabi/7.3.1/../../../../arm-none-eabi/lib/thumb/v7e-m/fpv5/hard\libc_nano.a(lib_a-fflush.o)
                0x00000000080049a0                __sflush_r
 .text._fflush_r
                0x0000000008004aac       0x54 d:/learningsoftware/stm32cubeide/stm32cubeide/stm32cubeide/plugins/com.st.stm32cube.ide.mcu.externaltools.gnu-tools-for-stm32.7-2018-q2-update.win32_1.4.0.202007081208/tools/bin/../lib/gcc/arm-none-eabi/7.3.1/../../../../arm-none-eabi/lib/thumb/v7e-m/fpv5/hard\libc_nano.a(lib_a-fflush.o)
                0x0000000008004aac                _fflush_r
 .text.std      0x0000000008004b00       0x48 d:/learningsoftware/stm32cubeide/stm32cubeide/stm32cubeide/plugins/com.st.stm32cube.ide.mcu.externaltools.gnu-tools-for-stm32.7-2018-q2-update.win32_1.4.0.202007081208/tools/bin/../lib/gcc/arm-none-eabi/7.3.1/../../../../arm-none-eabi/lib/thumb/v7e-m/fpv5/hard\libc_nano.a(lib_a-findfp.o)
 .text._cleanup_r
                0x0000000008004b48        0xc d:/learningsoftware/stm32cubeide/stm32cubeide/stm32cubeide/plugins/com.st.stm32cube.ide.mcu.externaltools.gnu-tools-for-stm32.7-2018-q2-update.win32_1.4.0.202007081208/tools/bin/../lib/gcc/arm-none-eabi/7.3.1/../../../../arm-none-eabi/lib/thumb/v7e-m/fpv5/hard\libc_nano.a(lib_a-findfp.o)
                0x0000000008004b48                _cleanup_r
 .text.__sfmoreglue
                0x0000000008004b54       0x2c d:/learningsoftware/stm32cubeide/stm32cubeide/stm32cubeide/plugins/com.st.stm32cube.ide.mcu.externaltools.gnu-tools-for-stm32.7-2018-q2-update.win32_1.4.0.202007081208/tools/bin/../lib/gcc/arm-none-eabi/7.3.1/../../../../arm-none-eabi/lib/thumb/v7e-m/fpv5/hard\libc_nano.a(lib_a-findfp.o)
                0x0000000008004b54                __sfmoreglue
 .text.__sinit  0x0000000008004b80       0x60 d:/learningsoftware/stm32cubeide/stm32cubeide/stm32cubeide/plugins/com.st.stm32cube.ide.mcu.externaltools.gnu-tools-for-stm32.7-2018-q2-update.win32_1.4.0.202007081208/tools/bin/../lib/gcc/arm-none-eabi/7.3.1/../../../../arm-none-eabi/lib/thumb/v7e-m/fpv5/hard\libc_nano.a(lib_a-findfp.o)
                0x0000000008004b80                __sinit
 .text.__sfp    0x0000000008004be0       0x78 d:/learningsoftware/stm32cubeide/stm32cubeide/stm32cubeide/plugins/com.st.stm32cube.ide.mcu.externaltools.gnu-tools-for-stm32.7-2018-q2-update.win32_1.4.0.202007081208/tools/bin/../lib/gcc/arm-none-eabi/7.3.1/../../../../arm-none-eabi/lib/thumb/v7e-m/fpv5/hard\libc_nano.a(lib_a-findfp.o)
                0x0000000008004be0                __sfp
 .text._fwalk_reent
                0x0000000008004c58       0x3c d:/learningsoftware/stm32cubeide/stm32cubeide/stm32cubeide/plugins/com.st.stm32cube.ide.mcu.externaltools.gnu-tools-for-stm32.7-2018-q2-update.win32_1.4.0.202007081208/tools/bin/../lib/gcc/arm-none-eabi/7.3.1/../../../../arm-none-eabi/lib/thumb/v7e-m/fpv5/hard\libc_nano.a(lib_a-fwalk.o)
                0x0000000008004c58                _fwalk_reent
 .text.__swhatbuf_r
                0x0000000008004c94       0x48 d:/learningsoftware/stm32cubeide/stm32cubeide/stm32cubeide/plugins/com.st.stm32cube.ide.mcu.externaltools.gnu-tools-for-stm32.7-2018-q2-update.win32_1.4.0.202007081208/tools/bin/../lib/gcc/arm-none-eabi/7.3.1/../../../../arm-none-eabi/lib/thumb/v7e-m/fpv5/hard\libc_nano.a(lib_a-makebuf.o)
                0x0000000008004c94                __swhatbuf_r
 .text.__smakebuf_r
                0x0000000008004cdc       0x80 d:/learningsoftware/stm32cubeide/stm32cubeide/stm32cubeide/plugins/com.st.stm32cube.ide.mcu.externaltools.gnu-tools-for-stm32.7-2018-q2-update.win32_1.4.0.202007081208/tools/bin/../lib/gcc/arm-none-eabi/7.3.1/../../../../arm-none-eabi/lib/thumb/v7e-m/fpv5/hard\libc_nano.a(lib_a-makebuf.o)
                0x0000000008004cdc                __smakebuf_r
 .text.malloc   0x0000000008004d5c       0x10 d:/learningsoftware/stm32cubeide/stm32cubeide/stm32cubeide/plugins/com.st.stm32cube.ide.mcu.externaltools.gnu-tools-for-stm32.7-2018-q2-update.win32_1.4.0.202007081208/tools/bin/../lib/gcc/arm-none-eabi/7.3.1/../../../../arm-none-eabi/lib/thumb/v7e-m/fpv5/hard\libc_nano.a(lib_a-malloc.o)
                0x0000000008004d5c                malloc
 .text._free_r  0x0000000008004d6c       0x9c d:/learningsoftware/stm32cubeide/stm32cubeide/stm32cubeide/plugins/com.st.stm32cube.ide.mcu.externaltools.gnu-tools-for-stm32.7-2018-q2-update.win32_1.4.0.202007081208/tools/bin/../lib/gcc/arm-none-eabi/7.3.1/../../../../arm-none-eabi/lib/thumb/v7e-m/fpv5/hard\libc_nano.a(lib_a-nano-freer.o)
                0x0000000008004d6c                _free_r
 .text._malloc_r
                0x0000000008004e08       0xb4 d:/learningsoftware/stm32cubeide/stm32cubeide/stm32cubeide/plugins/com.st.stm32cube.ide.mcu.externaltools.gnu-tools-for-stm32.7-2018-q2-update.win32_1.4.0.202007081208/tools/bin/../lib/gcc/arm-none-eabi/7.3.1/../../../../arm-none-eabi/lib/thumb/v7e-m/fpv5/hard\libc_nano.a(lib_a-nano-mallocr.o)
                0x0000000008004e08                _malloc_r
 .text.__sfputc_r
                0x0000000008004ebc       0x2e d:/learningsoftware/stm32cubeide/stm32cubeide/stm32cubeide/plugins/com.st.stm32cube.ide.mcu.externaltools.gnu-tools-for-stm32.7-2018-q2-update.win32_1.4.0.202007081208/tools/bin/../lib/gcc/arm-none-eabi/7.3.1/../../../../arm-none-eabi/lib/thumb/v7e-m/fpv5/hard\libc_nano.a(lib_a-nano-vfprintf.o)
 .text.__sfputs_r
                0x0000000008004eea       0x24 d:/learningsoftware/stm32cubeide/stm32cubeide/stm32cubeide/plugins/com.st.stm32cube.ide.mcu.externaltools.gnu-tools-for-stm32.7-2018-q2-update.win32_1.4.0.202007081208/tools/bin/../lib/gcc/arm-none-eabi/7.3.1/../../../../arm-none-eabi/lib/thumb/v7e-m/fpv5/hard\libc_nano.a(lib_a-nano-vfprintf.o)
                0x0000000008004eea                __sfputs_r
 *fill*         0x0000000008004f0e        0x2 
 .text._vfprintf_r
                0x0000000008004f10      0x22c d:/learningsoftware/stm32cubeide/stm32cubeide/stm32cubeide/plugins/com.st.stm32cube.ide.mcu.externaltools.gnu-tools-for-stm32.7-2018-q2-update.win32_1.4.0.202007081208/tools/bin/../lib/gcc/arm-none-eabi/7.3.1/../../../../arm-none-eabi/lib/thumb/v7e-m/fpv5/hard\libc_nano.a(lib_a-nano-vfprintf.o)
                0x0000000008004f10                _vfprintf_r
                0x0000000008004f10                _vfiprintf_r
 .text._printf_common
                0x000000000800513c       0xea d:/learningsoftware/stm32cubeide/stm32cubeide/stm32cubeide/plugins/com.st.stm32cube.ide.mcu.externaltools.gnu-tools-for-stm32.7-2018-q2-update.win32_1.4.0.202007081208/tools/bin/../lib/gcc/arm-none-eabi/7.3.1/../../../../arm-none-eabi/lib/thumb/v7e-m/fpv5/hard\libc_nano.a(lib_a-nano-vfprintf_i.o)
                0x000000000800513c                _printf_common
 *fill*         0x0000000008005226        0x2 
 .text._printf_i
                0x0000000008005228      0x224 d:/learningsoftware/stm32cubeide/stm32cubeide/stm32cubeide/plugins/com.st.stm32cube.ide.mcu.externaltools.gnu-tools-for-stm32.7-2018-q2-update.win32_1.4.0.202007081208/tools/bin/../lib/gcc/arm-none-eabi/7.3.1/../../../../arm-none-eabi/lib/thumb/v7e-m/fpv5/hard\libc_nano.a(lib_a-nano-vfprintf_i.o)
                0x0000000008005228                _printf_i
 .text._sbrk_r  0x000000000800544c       0x20 d:/learningsoftware/stm32cubeide/stm32cubeide/stm32cubeide/plugins/com.st.stm32cube.ide.mcu.externaltools.gnu-tools-for-stm32.7-2018-q2-update.win32_1.4.0.202007081208/tools/bin/../lib/gcc/arm-none-eabi/7.3.1/../../../../arm-none-eabi/lib/thumb/v7e-m/fpv5/hard\libc_nano.a(lib_a-sbrkr.o)
                0x000000000800544c                _sbrk_r
 .text.__sread  0x000000000800546c       0x22 d:/learningsoftware/stm32cubeide/stm32cubeide/stm32cubeide/plugins/com.st.stm32cube.ide.mcu.externaltools.gnu-tools-for-stm32.7-2018-q2-update.win32_1.4.0.202007081208/tools/bin/../lib/gcc/arm-none-eabi/7.3.1/../../../../arm-none-eabi/lib/thumb/v7e-m/fpv5/hard\libc_nano.a(lib_a-stdio.o)
                0x000000000800546c                __sread
 .text.__swrite
                0x000000000800548e       0x38 d:/learningsoftware/stm32cubeide/stm32cubeide/stm32cubeide/plugins/com.st.stm32cube.ide.mcu.externaltools.gnu-tools-for-stm32.7-2018-q2-update.win32_1.4.0.202007081208/tools/bin/../lib/gcc/arm-none-eabi/7.3.1/../../../../arm-none-eabi/lib/thumb/v7e-m/fpv5/hard\libc_nano.a(lib_a-stdio.o)
                0x000000000800548e                __swrite
 .text.__sseek  0x00000000080054c6       0x24 d:/learningsoftware/stm32cubeide/stm32cubeide/stm32cubeide/plugins/com.st.stm32cube.ide.mcu.externaltools.gnu-tools-for-stm32.7-2018-q2-update.win32_1.4.0.202007081208/tools/bin/../lib/gcc/arm-none-eabi/7.3.1/../../../../arm-none-eabi/lib/thumb/v7e-m/fpv5/hard\libc_nano.a(lib_a-stdio.o)
                0x00000000080054c6                __sseek
 .text.__sclose
                0x00000000080054ea        0x8 d:/learningsoftware/stm32cubeide/stm32cubeide/stm32cubeide/plugins/com.st.stm32cube.ide.mcu.externaltools.gnu-tools-for-stm32.7-2018-q2-update.win32_1.4.0.202007081208/tools/bin/../lib/gcc/arm-none-eabi/7.3.1/../../../../arm-none-eabi/lib/thumb/v7e-m/fpv5/hard\libc_nano.a(lib_a-stdio.o)
                0x00000000080054ea                __sclose
 *fill*         0x00000000080054f2        0x2 
 .text._write_r
                0x00000000080054f4       0x24 d:/learningsoftware/stm32cubeide/stm32cubeide/stm32cubeide/plugins/com.st.stm32cube.ide.mcu.externaltools.gnu-tools-for-stm32.7-2018-q2-update.win32_1.4.0.202007081208/tools/bin/../lib/gcc/arm-none-eabi/7.3.1/../../../../arm-none-eabi/lib/thumb/v7e-m/fpv5/hard\libc_nano.a(lib_a-writer.o)
                0x00000000080054f4                _write_r
 .text._close_r
                0x0000000008005518       0x20 d:/learningsoftware/stm32cubeide/stm32cubeide/stm32cubeide/plugins/com.st.stm32cube.ide.mcu.externaltools.gnu-tools-for-stm32.7-2018-q2-update.win32_1.4.0.202007081208/tools/bin/../lib/gcc/arm-none-eabi/7.3.1/../../../../arm-none-eabi/lib/thumb/v7e-m/fpv5/hard\libc_nano.a(lib_a-closer.o)
                0x0000000008005518                _close_r
 .text._fstat_r
                0x0000000008005538       0x24 d:/learningsoftware/stm32cubeide/stm32cubeide/stm32cubeide/plugins/com.st.stm32cube.ide.mcu.externaltools.gnu-tools-for-stm32.7-2018-q2-update.win32_1.4.0.202007081208/tools/bin/../lib/gcc/arm-none-eabi/7.3.1/../../../../arm-none-eabi/lib/thumb/v7e-m/fpv5/hard\libc_nano.a(lib_a-fstatr.o)
                0x0000000008005538                _fstat_r
 .text._isatty_r
                0x000000000800555c       0x20 d:/learningsoftware/stm32cubeide/stm32cubeide/stm32cubeide/plugins/com.st.stm32cube.ide.mcu.externaltools.gnu-tools-for-stm32.7-2018-q2-update.win32_1.4.0.202007081208/tools/bin/../lib/gcc/arm-none-eabi/7.3.1/../../../../arm-none-eabi/lib/thumb/v7e-m/fpv5/hard\libc_nano.a(lib_a-isattyr.o)
                0x000000000800555c                _isatty_r
 .text._lseek_r
                0x000000000800557c       0x24 d:/learningsoftware/stm32cubeide/stm32cubeide/stm32cubeide/plugins/com.st.stm32cube.ide.mcu.externaltools.gnu-tools-for-stm32.7-2018-q2-update.win32_1.4.0.202007081208/tools/bin/../lib/gcc/arm-none-eabi/7.3.1/../../../../arm-none-eabi/lib/thumb/v7e-m/fpv5/hard\libc_nano.a(lib_a-lseekr.o)
                0x000000000800557c                _lseek_r
 .text.__malloc_lock
                0x00000000080055a0        0x2 d:/learningsoftware/stm32cubeide/stm32cubeide/stm32cubeide/plugins/com.st.stm32cube.ide.mcu.externaltools.gnu-tools-for-stm32.7-2018-q2-update.win32_1.4.0.202007081208/tools/bin/../lib/gcc/arm-none-eabi/7.3.1/../../../../arm-none-eabi/lib/thumb/v7e-m/fpv5/hard\libc_nano.a(lib_a-mlock.o)
                0x00000000080055a0                __malloc_lock
 .text.__malloc_unlock
                0x00000000080055a2        0x2 d:/learningsoftware/stm32cubeide/stm32cubeide/stm32cubeide/plugins/com.st.stm32cube.ide.mcu.externaltools.gnu-tools-for-stm32.7-2018-q2-update.win32_1.4.0.202007081208/tools/bin/../lib/gcc/arm-none-eabi/7.3.1/../../../../arm-none-eabi/lib/thumb/v7e-m/fpv5/hard\libc_nano.a(lib_a-mlock.o)
                0x00000000080055a2                __malloc_unlock
 .text._read_r  0x00000000080055a4       0x24 d:/learningsoftware/stm32cubeide/stm32cubeide/stm32cubeide/plugins/com.st.stm32cube.ide.mcu.externaltools.gnu-tools-for-stm32.7-2018-q2-update.win32_1.4.0.202007081208/tools/bin/../lib/gcc/arm-none-eabi/7.3.1/../../../../arm-none-eabi/lib/thumb/v7e-m/fpv5/hard\libc_nano.a(lib_a-readr.o)
                0x00000000080055a4                _read_r
 *(.glue_7)
 .glue_7        0x00000000080055c8        0x0 linker stubs
 *(.glue_7t)
 .glue_7t       0x00000000080055c8        0x0 linker stubs
 *(.eh_frame)
 .eh_frame      0x00000000080055c8        0x0 d:/learningsoftware/stm32cubeide/stm32cubeide/stm32cubeide/plugins/com.st.stm32cube.ide.mcu.externaltools.gnu-tools-for-stm32.7-2018-q2-update.win32_1.4.0.202007081208/tools/bin/../lib/gcc/arm-none-eabi/7.3.1/thumb/v7e-m/fpv5/hard/crtbegin.o
 *(.init)
 .init          0x00000000080055c8        0x4 d:/learningsoftware/stm32cubeide/stm32cubeide/stm32cubeide/plugins/com.st.stm32cube.ide.mcu.externaltools.gnu-tools-for-stm32.7-2018-q2-update.win32_1.4.0.202007081208/tools/bin/../lib/gcc/arm-none-eabi/7.3.1/thumb/v7e-m/fpv5/hard/crti.o
                0x00000000080055c8                _init
 .init          0x00000000080055cc        0x8 d:/learningsoftware/stm32cubeide/stm32cubeide/stm32cubeide/plugins/com.st.stm32cube.ide.mcu.externaltools.gnu-tools-for-stm32.7-2018-q2-update.win32_1.4.0.202007081208/tools/bin/../lib/gcc/arm-none-eabi/7.3.1/thumb/v7e-m/fpv5/hard/crtn.o
 *(.fini)
 .fini          0x00000000080055d4        0x4 d:/learningsoftware/stm32cubeide/stm32cubeide/stm32cubeide/plugins/com.st.stm32cube.ide.mcu.externaltools.gnu-tools-for-stm32.7-2018-q2-update.win32_1.4.0.202007081208/tools/bin/../lib/gcc/arm-none-eabi/7.3.1/thumb/v7e-m/fpv5/hard/crti.o
                0x00000000080055d4                _fini
 .fini          0x00000000080055d8        0x8 d:/learningsoftware/stm32cubeide/stm32cubeide/stm32cubeide/plugins/com.st.stm32cube.ide.mcu.externaltools.gnu-tools-for-stm32.7-2018-q2-update.win32_1.4.0.202007081208/tools/bin/../lib/gcc/arm-none-eabi/7.3.1/thumb/v7e-m/fpv5/hard/crtn.o
                0x00000000080055e0                . = ALIGN (0x4)
                0x00000000080055e0                _etext = .

.vfp11_veneer   0x00000000080055e0        0x0
 .vfp11_veneer  0x00000000080055e0        0x0 linker stubs

.v4_bx          0x00000000080055e0        0x0
 .v4_bx         0x00000000080055e0        0x0 linker stubs

.iplt           0x00000000080055e0        0x0
 .iplt          0x00000000080055e0        0x0 d:/learningsoftware/stm32cubeide/stm32cubeide/stm32cubeide/plugins/com.st.stm32cube.ide.mcu.externaltools.gnu-tools-for-stm32.7-2018-q2-update.win32_1.4.0.202007081208/tools/bin/../lib/gcc/arm-none-eabi/7.3.1/thumb/v7e-m/fpv5/hard/crtbegin.o

.rodata         0x00000000080055e0      0x5c4
                0x00000000080055e0                . = ALIGN (0x4)
 *(.rodata)
 .rodata        0x00000000080055e0       0x90 Core/Src/main.o
 .rodata        0x0000000008005670      0x2fc Core/Src/myCLI.o
 .rodata        0x000000000800596c      0x185 Core/Src/myDebug.o
 *(.rodata*)
 *fill*         0x0000000008005af1        0x3 
 .rodata.AHBPrescTable
                0x0000000008005af4       0x10 Core/Src/system_stm32f7xx.o
                0x0000000008005af4                AHBPrescTable
 .rodata.APBPrescTable
                0x0000000008005b04        0x8 Core/Src/system_stm32f7xx.o
                0x0000000008005b04                APBPrescTable
 .rodata._global_impure_ptr
                0x0000000008005b0c        0x4 d:/learningsoftware/stm32cubeide/stm32cubeide/stm32cubeide/plugins/com.st.stm32cube.ide.mcu.externaltools.gnu-tools-for-stm32.7-2018-q2-update.win32_1.4.0.202007081208/tools/bin/../lib/gcc/arm-none-eabi/7.3.1/../../../../arm-none-eabi/lib/thumb/v7e-m/fpv5/hard\libc_nano.a(lib_a-impure.o)
                0x0000000008005b0c                _global_impure_ptr
 .rodata.__sf_fake_stderr
                0x0000000008005b10       0x20 d:/learningsoftware/stm32cubeide/stm32cubeide/stm32cubeide/plugins/com.st.stm32cube.ide.mcu.externaltools.gnu-tools-for-stm32.7-2018-q2-update.win32_1.4.0.202007081208/tools/bin/../lib/gcc/arm-none-eabi/7.3.1/../../../../arm-none-eabi/lib/thumb/v7e-m/fpv5/hard\libc_nano.a(lib_a-findfp.o)
                0x0000000008005b10                __sf_fake_stderr
 .rodata.__sf_fake_stdin
                0x0000000008005b30       0x20 d:/learningsoftware/stm32cubeide/stm32cubeide/stm32cubeide/plugins/com.st.stm32cube.ide.mcu.externaltools.gnu-tools-for-stm32.7-2018-q2-update.win32_1.4.0.202007081208/tools/bin/../lib/gcc/arm-none-eabi/7.3.1/../../../../arm-none-eabi/lib/thumb/v7e-m/fpv5/hard\libc_nano.a(lib_a-findfp.o)
                0x0000000008005b30                __sf_fake_stdin
 .rodata.__sf_fake_stdout
                0x0000000008005b50       0x20 d:/learningsoftware/stm32cubeide/stm32cubeide/stm32cubeide/plugins/com.st.stm32cube.ide.mcu.externaltools.gnu-tools-for-stm32.7-2018-q2-update.win32_1.4.0.202007081208/tools/bin/../lib/gcc/arm-none-eabi/7.3.1/../../../../arm-none-eabi/lib/thumb/v7e-m/fpv5/hard\libc_nano.a(lib_a-findfp.o)
                0x0000000008005b50                __sf_fake_stdout
 .rodata._vfprintf_r.str1.1
                0x0000000008005b70       0x11 d:/learningsoftware/stm32cubeide/stm32cubeide/stm32cubeide/plugins/com.st.stm32cube.ide.mcu.externaltools.gnu-tools-for-stm32.7-2018-q2-update.win32_1.4.0.202007081208/tools/bin/../lib/gcc/arm-none-eabi/7.3.1/../../../../arm-none-eabi/lib/thumb/v7e-m/fpv5/hard\libc_nano.a(lib_a-nano-vfprintf.o)
 .rodata._printf_i.str1.1
                0x0000000008005b81       0x22 d:/learningsoftware/stm32cubeide/stm32cubeide/stm32cubeide/plugins/com.st.stm32cube.ide.mcu.externaltools.gnu-tools-for-stm32.7-2018-q2-update.win32_1.4.0.202007081208/tools/bin/../lib/gcc/arm-none-eabi/7.3.1/../../../../arm-none-eabi/lib/thumb/v7e-m/fpv5/hard\libc_nano.a(lib_a-nano-vfprintf_i.o)
                0x0000000008005ba4                . = ALIGN (0x4)
 *fill*         0x0000000008005ba3        0x1 

.ARM.extab      0x0000000008005ba4        0x0
                0x0000000008005ba4                . = ALIGN (0x4)
 *(.ARM.extab* .gnu.linkonce.armextab.*)
                0x0000000008005ba4                . = ALIGN (0x4)

.ARM            0x0000000008005ba4        0x8
                0x0000000008005ba4                . = ALIGN (0x4)
                0x0000000008005ba4                __exidx_start = .
 *(.ARM.exidx*)
 .ARM.exidx     0x0000000008005ba4        0x8 d:/learningsoftware/stm32cubeide/stm32cubeide/stm32cubeide/plugins/com.st.stm32cube.ide.mcu.externaltools.gnu-tools-for-stm32.7-2018-q2-update.win32_1.4.0.202007081208/tools/bin/../lib/gcc/arm-none-eabi/7.3.1/thumb/v7e-m/fpv5/hard\libgcc.a(_udivmoddi4.o)
                0x0000000008005bac                __exidx_end = .
                0x0000000008005bac                . = ALIGN (0x4)

.rel.dyn        0x0000000008005bac        0x0
 .rel.iplt      0x0000000008005bac        0x0 d:/learningsoftware/stm32cubeide/stm32cubeide/stm32cubeide/plugins/com.st.stm32cube.ide.mcu.externaltools.gnu-tools-for-stm32.7-2018-q2-update.win32_1.4.0.202007081208/tools/bin/../lib/gcc/arm-none-eabi/7.3.1/thumb/v7e-m/fpv5/hard/crtbegin.o

.preinit_array  0x0000000008005bac        0x0
                0x0000000008005bac                . = ALIGN (0x4)
                0x0000000008005bac                PROVIDE (__preinit_array_start = .)
 *(.preinit_array*)
                0x0000000008005bac                PROVIDE (__preinit_array_end = .)
                0x0000000008005bac                . = ALIGN (0x4)

.init_array     0x0000000008005bac        0x4
                0x0000000008005bac                . = ALIGN (0x4)
                0x0000000008005bac                PROVIDE (__init_array_start = .)
 *(SORT_BY_NAME(.init_array.*))
 *(.init_array*)
 .init_array    0x0000000008005bac        0x4 d:/learningsoftware/stm32cubeide/stm32cubeide/stm32cubeide/plugins/com.st.stm32cube.ide.mcu.externaltools.gnu-tools-for-stm32.7-2018-q2-update.win32_1.4.0.202007081208/tools/bin/../lib/gcc/arm-none-eabi/7.3.1/thumb/v7e-m/fpv5/hard/crtbegin.o
                0x0000000008005bb0                PROVIDE (__init_array_end = .)
                0x0000000008005bb0                . = ALIGN (0x4)

.fini_array     0x0000000008005bb0        0x4
                0x0000000008005bb0                . = ALIGN (0x4)
                [!provide]                        PROVIDE (__fini_array_start = .)
 *(SORT_BY_NAME(.fini_array.*))
 *(.fini_array*)
 .fini_array    0x0000000008005bb0        0x4 d:/learningsoftware/stm32cubeide/stm32cubeide/stm32cubeide/plugins/com.st.stm32cube.ide.mcu.externaltools.gnu-tools-for-stm32.7-2018-q2-update.win32_1.4.0.202007081208/tools/bin/../lib/gcc/arm-none-eabi/7.3.1/thumb/v7e-m/fpv5/hard/crtbegin.o
                [!provide]                        PROVIDE (__fini_array_end = .)
                0x0000000008005bb4                . = ALIGN (0x4)
                0x0000000008005bb4                _sidata = LOADADDR (.data)

.data           0x0000000020000000       0x70 load address 0x0000000008005bb4
                0x0000000020000000                . = ALIGN (0x4)
                0x0000000020000000                _sdata = .
 *(.data)
 *(.data*)
 .data.SystemCoreClock
                0x0000000020000000        0x4 Core/Src/system_stm32f7xx.o
                0x0000000020000000                SystemCoreClock
 .data.uwTickPrio
                0x0000000020000004        0x4 Drivers/STM32F7xx_HAL_Driver/Src/stm32f7xx_hal.o
                0x0000000020000004                uwTickPrio
 .data.uwTickFreq
                0x0000000020000008        0x1 Drivers/STM32F7xx_HAL_Driver/Src/stm32f7xx_hal.o
                0x0000000020000008                uwTickFreq
 *fill*         0x0000000020000009        0x3 
 .data._impure_ptr
                0x000000002000000c        0x4 d:/learningsoftware/stm32cubeide/stm32cubeide/stm32cubeide/plugins/com.st.stm32cube.ide.mcu.externaltools.gnu-tools-for-stm32.7-2018-q2-update.win32_1.4.0.202007081208/tools/bin/../lib/gcc/arm-none-eabi/7.3.1/../../../../arm-none-eabi/lib/thumb/v7e-m/fpv5/hard\libc_nano.a(lib_a-impure.o)
                0x000000002000000c                _impure_ptr
 .data.impure_data
                0x0000000020000010       0x60 d:/learningsoftware/stm32cubeide/stm32cubeide/stm32cubeide/plugins/com.st.stm32cube.ide.mcu.externaltools.gnu-tools-for-stm32.7-2018-q2-update.win32_1.4.0.202007081208/tools/bin/../lib/gcc/arm-none-eabi/7.3.1/../../../../arm-none-eabi/lib/thumb/v7e-m/fpv5/hard\libc_nano.a(lib_a-impure.o)
                0x0000000020000070                . = ALIGN (0x4)
                0x0000000020000070                _edata = .

.igot.plt       0x0000000020000070        0x0 load address 0x0000000008005c24
 .igot.plt      0x0000000020000070        0x0 d:/learningsoftware/stm32cubeide/stm32cubeide/stm32cubeide/plugins/com.st.stm32cube.ide.mcu.externaltools.gnu-tools-for-stm32.7-2018-q2-update.win32_1.4.0.202007081208/tools/bin/../lib/gcc/arm-none-eabi/7.3.1/thumb/v7e-m/fpv5/hard/crtbegin.o
                0x0000000020000070                . = ALIGN (0x4)

.bss            0x0000000020000070      0x17c load address 0x0000000008005c24
                0x0000000020000070                _sbss = .
                0x0000000020000070                __bss_start__ = _sbss
 *(.bss)
 .bss           0x0000000020000070       0x1c d:/learningsoftware/stm32cubeide/stm32cubeide/stm32cubeide/plugins/com.st.stm32cube.ide.mcu.externaltools.gnu-tools-for-stm32.7-2018-q2-update.win32_1.4.0.202007081208/tools/bin/../lib/gcc/arm-none-eabi/7.3.1/thumb/v7e-m/fpv5/hard/crtbegin.o
 *(.bss*)
 .bss.mcu_process_time_handle
                0x000000002000008c        0xc Core/Src/main.o
                0x000000002000008c                mcu_process_time_handle
 .bss.uart_receive_handle
                0x0000000020000098       0x68 Core/Src/main.o
                0x0000000020000098                uart_receive_handle
 .bss.count.11227
                0x0000000020000100        0x4 Core/Src/main.o
 .bss.__sbrk_heap_end
                0x0000000020000104        0x4 Core/Src/sysmem.o
 .bss.__malloc_free_list
                0x0000000020000108        0x4 d:/learningsoftware/stm32cubeide/stm32cubeide/stm32cubeide/plugins/com.st.stm32cube.ide.mcu.externaltools.gnu-tools-for-stm32.7-2018-q2-update.win32_1.4.0.202007081208/tools/bin/../lib/gcc/arm-none-eabi/7.3.1/../../../../arm-none-eabi/lib/thumb/v7e-m/fpv5/hard\libc_nano.a(lib_a-nano-mallocr.o)
                0x0000000020000108                __malloc_free_list
 .bss.__malloc_sbrk_start
                0x000000002000010c        0x4 d:/learningsoftware/stm32cubeide/stm32cubeide/stm32cubeide/plugins/com.st.stm32cube.ide.mcu.externaltools.gnu-tools-for-stm32.7-2018-q2-update.win32_1.4.0.202007081208/tools/bin/../lib/gcc/arm-none-eabi/7.3.1/../../../../arm-none-eabi/lib/thumb/v7e-m/fpv5/hard\libc_nano.a(lib_a-nano-mallocr.o)
                0x000000002000010c                __malloc_sbrk_start
 *(COMMON)
 COMMON         0x0000000020000110       0x10 Core/Src/iwdg.o
                0x0000000020000110                hiwdg
 COMMON         0x0000000020000120        0x4 Core/Src/retarget.o
                0x0000000020000120                gHuart
 COMMON         0x0000000020000124       0x40 Core/Src/tim.o
                0x0000000020000124                htim14
 COMMON         0x0000000020000164       0x80 Core/Src/usart.o
                0x0000000020000164                huart7
 COMMON         0x00000000200001e4        0x4 Drivers/STM32F7xx_HAL_Driver/Src/stm32f7xx_hal.o
                0x00000000200001e4                uwTick
 COMMON         0x00000000200001e8        0x4 d:/learningsoftware/stm32cubeide/stm32cubeide/stm32cubeide/plugins/com.st.stm32cube.ide.mcu.externaltools.gnu-tools-for-stm32.7-2018-q2-update.win32_1.4.0.202007081208/tools/bin/../lib/gcc/arm-none-eabi/7.3.1/../../../../arm-none-eabi/lib/thumb/v7e-m/fpv5/hard\libc_nano.a(lib_a-reent.o)
                0x00000000200001e8                errno
                0x00000000200001ec                . = ALIGN (0x4)
                0x00000000200001ec                _ebss = .
                0x00000000200001ec                __bss_end__ = _ebss

._user_heap_stack
                0x00000000200001ec      0x604 load address 0x0000000008005c24
                0x00000000200001f0                . = ALIGN (0x8)
 *fill*         0x00000000200001ec        0x4 
                [!provide]                        PROVIDE (end = .)
                0x00000000200001f0                PROVIDE (_end = .)
                0x00000000200003f0                . = (. + _Min_Heap_Size)
 *fill*         0x00000000200001f0      0x200 
                0x00000000200007f0                . = (. + _Min_Stack_Size)
 *fill*         0x00000000200003f0      0x400 
                0x00000000200007f0                . = ALIGN (0x8)

/DISCARD/
 libc.a(*)
 libm.a(*)
 libgcc.a(*)

.ARM.attributes
                0x0000000000000000       0x2e
 *(.ARM.attributes)
 .ARM.attributes
                0x0000000000000000       0x20 d:/learningsoftware/stm32cubeide/stm32cubeide/stm32cubeide/plugins/com.st.stm32cube.ide.mcu.externaltools.gnu-tools-for-stm32.7-2018-q2-update.win32_1.4.0.202007081208/tools/bin/../lib/gcc/arm-none-eabi/7.3.1/thumb/v7e-m/fpv5/hard/crti.o
 .ARM.attributes
                0x0000000000000020       0x32 d:/learningsoftware/stm32cubeide/stm32cubeide/stm32cubeide/plugins/com.st.stm32cube.ide.mcu.externaltools.gnu-tools-for-stm32.7-2018-q2-update.win32_1.4.0.202007081208/tools/bin/../lib/gcc/arm-none-eabi/7.3.1/thumb/v7e-m/fpv5/hard/crtbegin.o
 .ARM.attributes
                0x0000000000000052       0x37 Core/Src/gpio.o
 .ARM.attributes
                0x0000000000000089       0x37 Core/Src/iwdg.o
 .ARM.attributes
                0x00000000000000c0       0x37 Core/Src/main.o
 .ARM.attributes
                0x00000000000000f7       0x37 Core/Src/myCLI.o
 .ARM.attributes
                0x000000000000012e       0x37 Core/Src/myDebug.o
 .ARM.attributes
                0x0000000000000165       0x37 Core/Src/retarget.o
 .ARM.attributes
                0x000000000000019c       0x37 Core/Src/stm32f7xx_hal_msp.o
 .ARM.attributes
                0x00000000000001d3       0x37 Core/Src/stm32f7xx_it.o
 .ARM.attributes
                0x000000000000020a       0x37 Core/Src/sysmem.o
 .ARM.attributes
                0x0000000000000241       0x37 Core/Src/system_stm32f7xx.o
 .ARM.attributes
                0x0000000000000278       0x37 Core/Src/tim.o
 .ARM.attributes
                0x00000000000002af       0x37 Core/Src/usart.o
 .ARM.attributes
                0x00000000000002e6       0x21 Core/Startup/startup_stm32f767zitx.o
 .ARM.attributes
                0x0000000000000307       0x37 Drivers/STM32F7xx_HAL_Driver/Src/stm32f7xx_hal.o
 .ARM.attributes
                0x000000000000033e       0x37 Drivers/STM32F7xx_HAL_Driver/Src/stm32f7xx_hal_cortex.o
 .ARM.attributes
                0x0000000000000375       0x37 Drivers/STM32F7xx_HAL_Driver/Src/stm32f7xx_hal_dma.o
 .ARM.attributes
                0x00000000000003ac       0x37 Drivers/STM32F7xx_HAL_Driver/Src/stm32f7xx_hal_gpio.o
 .ARM.attributes
                0x00000000000003e3       0x37 Drivers/STM32F7xx_HAL_Driver/Src/stm32f7xx_hal_iwdg.o
 .ARM.attributes
                0x000000000000041a       0x37 Drivers/STM32F7xx_HAL_Driver/Src/stm32f7xx_hal_pwr.o
 .ARM.attributes
                0x0000000000000451       0x37 Drivers/STM32F7xx_HAL_Driver/Src/stm32f7xx_hal_pwr_ex.o
 .ARM.attributes
                0x0000000000000488       0x37 Drivers/STM32F7xx_HAL_Driver/Src/stm32f7xx_hal_rcc.o
 .ARM.attributes
                0x00000000000004bf       0x37 Drivers/STM32F7xx_HAL_Driver/Src/stm32f7xx_hal_rcc_ex.o
 .ARM.attributes
                0x00000000000004f6       0x37 Drivers/STM32F7xx_HAL_Driver/Src/stm32f7xx_hal_tim.o
 .ARM.attributes
                0x000000000000052d       0x37 Drivers/STM32F7xx_HAL_Driver/Src/stm32f7xx_hal_tim_ex.o
 .ARM.attributes
                0x0000000000000564       0x37 Drivers/STM32F7xx_HAL_Driver/Src/stm32f7xx_hal_uart.o
 .ARM.attributes
                0x000000000000059b       0x32 d:/learningsoftware/stm32cubeide/stm32cubeide/stm32cubeide/plugins/com.st.stm32cube.ide.mcu.externaltools.gnu-tools-for-stm32.7-2018-q2-update.win32_1.4.0.202007081208/tools/bin/../lib/gcc/arm-none-eabi/7.3.1/../../../../arm-none-eabi/lib/thumb/v7e-m/fpv5/hard\libc_nano.a(lib_a-errno.o)
 .ARM.attributes
                0x00000000000005cd       0x32 d:/learningsoftware/stm32cubeide/stm32cubeide/stm32cubeide/plugins/com.st.stm32cube.ide.mcu.externaltools.gnu-tools-for-stm32.7-2018-q2-update.win32_1.4.0.202007081208/tools/bin/../lib/gcc/arm-none-eabi/7.3.1/../../../../arm-none-eabi/lib/thumb/v7e-m/fpv5/hard\libc_nano.a(lib_a-impure.o)
 .ARM.attributes
                0x00000000000005ff       0x32 d:/learningsoftware/stm32cubeide/stm32cubeide/stm32cubeide/plugins/com.st.stm32cube.ide.mcu.externaltools.gnu-tools-for-stm32.7-2018-q2-update.win32_1.4.0.202007081208/tools/bin/../lib/gcc/arm-none-eabi/7.3.1/../../../../arm-none-eabi/lib/thumb/v7e-m/fpv5/hard\libc_nano.a(lib_a-init.o)
 .ARM.attributes
                0x0000000000000631       0x32 d:/learningsoftware/stm32cubeide/stm32cubeide/stm32cubeide/plugins/com.st.stm32cube.ide.mcu.externaltools.gnu-tools-for-stm32.7-2018-q2-update.win32_1.4.0.202007081208/tools/bin/../lib/gcc/arm-none-eabi/7.3.1/../../../../arm-none-eabi/lib/thumb/v7e-m/fpv5/hard\libc_nano.a(lib_a-memset.o)
 .ARM.attributes
                0x0000000000000663       0x32 d:/learningsoftware/stm32cubeide/stm32cubeide/stm32cubeide/plugins/com.st.stm32cube.ide.mcu.externaltools.gnu-tools-for-stm32.7-2018-q2-update.win32_1.4.0.202007081208/tools/bin/../lib/gcc/arm-none-eabi/7.3.1/../../../../arm-none-eabi/lib/thumb/v7e-m/fpv5/hard\libc_nano.a(lib_a-printf.o)
 .ARM.attributes
                0x0000000000000695       0x32 d:/learningsoftware/stm32cubeide/stm32cubeide/stm32cubeide/plugins/com.st.stm32cube.ide.mcu.externaltools.gnu-tools-for-stm32.7-2018-q2-update.win32_1.4.0.202007081208/tools/bin/../lib/gcc/arm-none-eabi/7.3.1/../../../../arm-none-eabi/lib/thumb/v7e-m/fpv5/hard\libc_nano.a(lib_a-puts.o)
 .ARM.attributes
                0x00000000000006c7       0x32 d:/learningsoftware/stm32cubeide/stm32cubeide/stm32cubeide/plugins/com.st.stm32cube.ide.mcu.externaltools.gnu-tools-for-stm32.7-2018-q2-update.win32_1.4.0.202007081208/tools/bin/../lib/gcc/arm-none-eabi/7.3.1/../../../../arm-none-eabi/lib/thumb/v7e-m/fpv5/hard\libc_nano.a(lib_a-setvbuf.o)
 .ARM.attributes
                0x00000000000006f9       0x1e d:/learningsoftware/stm32cubeide/stm32cubeide/stm32cubeide/plugins/com.st.stm32cube.ide.mcu.externaltools.gnu-tools-for-stm32.7-2018-q2-update.win32_1.4.0.202007081208/tools/bin/../lib/gcc/arm-none-eabi/7.3.1/../../../../arm-none-eabi/lib/thumb/v7e-m/fpv5/hard\libc_nano.a(lib_a-strcmp.o)
 .ARM.attributes
                0x0000000000000717       0x32 d:/learningsoftware/stm32cubeide/stm32cubeide/stm32cubeide/plugins/com.st.stm32cube.ide.mcu.externaltools.gnu-tools-for-stm32.7-2018-q2-update.win32_1.4.0.202007081208/tools/bin/../lib/gcc/arm-none-eabi/7.3.1/../../../../arm-none-eabi/lib/thumb/v7e-m/fpv5/hard\libc_nano.a(lib_a-wbuf.o)
 .ARM.attributes
                0x0000000000000749       0x32 d:/learningsoftware/stm32cubeide/stm32cubeide/stm32cubeide/plugins/com.st.stm32cube.ide.mcu.externaltools.gnu-tools-for-stm32.7-2018-q2-update.win32_1.4.0.202007081208/tools/bin/../lib/gcc/arm-none-eabi/7.3.1/../../../../arm-none-eabi/lib/thumb/v7e-m/fpv5/hard\libc_nano.a(lib_a-wsetup.o)
 .ARM.attributes
                0x000000000000077b       0x32 d:/learningsoftware/stm32cubeide/stm32cubeide/stm32cubeide/plugins/com.st.stm32cube.ide.mcu.externaltools.gnu-tools-for-stm32.7-2018-q2-update.win32_1.4.0.202007081208/tools/bin/../lib/gcc/arm-none-eabi/7.3.1/../../../../arm-none-eabi/lib/thumb/v7e-m/fpv5/hard\libc_nano.a(lib_a-fflush.o)
 .ARM.attributes
                0x00000000000007ad       0x32 d:/learningsoftware/stm32cubeide/stm32cubeide/stm32cubeide/plugins/com.st.stm32cube.ide.mcu.externaltools.gnu-tools-for-stm32.7-2018-q2-update.win32_1.4.0.202007081208/tools/bin/../lib/gcc/arm-none-eabi/7.3.1/../../../../arm-none-eabi/lib/thumb/v7e-m/fpv5/hard\libc_nano.a(lib_a-findfp.o)
 .ARM.attributes
                0x00000000000007df       0x32 d:/learningsoftware/stm32cubeide/stm32cubeide/stm32cubeide/plugins/com.st.stm32cube.ide.mcu.externaltools.gnu-tools-for-stm32.7-2018-q2-update.win32_1.4.0.202007081208/tools/bin/../lib/gcc/arm-none-eabi/7.3.1/../../../../arm-none-eabi/lib/thumb/v7e-m/fpv5/hard\libc_nano.a(lib_a-fwalk.o)
 .ARM.attributes
                0x0000000000000811       0x32 d:/learningsoftware/stm32cubeide/stm32cubeide/stm32cubeide/plugins/com.st.stm32cube.ide.mcu.externaltools.gnu-tools-for-stm32.7-2018-q2-update.win32_1.4.0.202007081208/tools/bin/../lib/gcc/arm-none-eabi/7.3.1/../../../../arm-none-eabi/lib/thumb/v7e-m/fpv5/hard\libc_nano.a(lib_a-makebuf.o)
 .ARM.attributes
                0x0000000000000843       0x32 d:/learningsoftware/stm32cubeide/stm32cubeide/stm32cubeide/plugins/com.st.stm32cube.ide.mcu.externaltools.gnu-tools-for-stm32.7-2018-q2-update.win32_1.4.0.202007081208/tools/bin/../lib/gcc/arm-none-eabi/7.3.1/../../../../arm-none-eabi/lib/thumb/v7e-m/fpv5/hard\libc_nano.a(lib_a-malloc.o)
 .ARM.attributes
                0x0000000000000875       0x32 d:/learningsoftware/stm32cubeide/stm32cubeide/stm32cubeide/plugins/com.st.stm32cube.ide.mcu.externaltools.gnu-tools-for-stm32.7-2018-q2-update.win32_1.4.0.202007081208/tools/bin/../lib/gcc/arm-none-eabi/7.3.1/../../../../arm-none-eabi/lib/thumb/v7e-m/fpv5/hard\libc_nano.a(lib_a-nano-freer.o)
 .ARM.attributes
                0x00000000000008a7       0x32 d:/learningsoftware/stm32cubeide/stm32cubeide/stm32cubeide/plugins/com.st.stm32cube.ide.mcu.externaltools.gnu-tools-for-stm32.7-2018-q2-update.win32_1.4.0.202007081208/tools/bin/../lib/gcc/arm-none-eabi/7.3.1/../../../../arm-none-eabi/lib/thumb/v7e-m/fpv5/hard\libc_nano.a(lib_a-nano-mallocr.o)
 .ARM.attributes
                0x00000000000008d9       0x32 d:/learningsoftware/stm32cubeide/stm32cubeide/stm32cubeide/plugins/com.st.stm32cube.ide.mcu.externaltools.gnu-tools-for-stm32.7-2018-q2-update.win32_1.4.0.202007081208/tools/bin/../lib/gcc/arm-none-eabi/7.3.1/../../../../arm-none-eabi/lib/thumb/v7e-m/fpv5/hard\libc_nano.a(lib_a-nano-vfprintf.o)
 .ARM.attributes
                0x000000000000090b       0x32 d:/learningsoftware/stm32cubeide/stm32cubeide/stm32cubeide/plugins/com.st.stm32cube.ide.mcu.externaltools.gnu-tools-for-stm32.7-2018-q2-update.win32_1.4.0.202007081208/tools/bin/../lib/gcc/arm-none-eabi/7.3.1/../../../../arm-none-eabi/lib/thumb/v7e-m/fpv5/hard\libc_nano.a(lib_a-nano-vfprintf_i.o)
 .ARM.attributes
                0x000000000000093d       0x32 d:/learningsoftware/stm32cubeide/stm32cubeide/stm32cubeide/plugins/com.st.stm32cube.ide.mcu.externaltools.gnu-tools-for-stm32.7-2018-q2-update.win32_1.4.0.202007081208/tools/bin/../lib/gcc/arm-none-eabi/7.3.1/../../../../arm-none-eabi/lib/thumb/v7e-m/fpv5/hard\libc_nano.a(lib_a-sbrkr.o)
 .ARM.attributes
                0x000000000000096f       0x32 d:/learningsoftware/stm32cubeide/stm32cubeide/stm32cubeide/plugins/com.st.stm32cube.ide.mcu.externaltools.gnu-tools-for-stm32.7-2018-q2-update.win32_1.4.0.202007081208/tools/bin/../lib/gcc/arm-none-eabi/7.3.1/../../../../arm-none-eabi/lib/thumb/v7e-m/fpv5/hard\libc_nano.a(lib_a-stdio.o)
 .ARM.attributes
                0x00000000000009a1       0x32 d:/learningsoftware/stm32cubeide/stm32cubeide/stm32cubeide/plugins/com.st.stm32cube.ide.mcu.externaltools.gnu-tools-for-stm32.7-2018-q2-update.win32_1.4.0.202007081208/tools/bin/../lib/gcc/arm-none-eabi/7.3.1/../../../../arm-none-eabi/lib/thumb/v7e-m/fpv5/hard\libc_nano.a(lib_a-writer.o)
 .ARM.attributes
                0x00000000000009d3       0x32 d:/learningsoftware/stm32cubeide/stm32cubeide/stm32cubeide/plugins/com.st.stm32cube.ide.mcu.externaltools.gnu-tools-for-stm32.7-2018-q2-update.win32_1.4.0.202007081208/tools/bin/../lib/gcc/arm-none-eabi/7.3.1/../../../../arm-none-eabi/lib/thumb/v7e-m/fpv5/hard\libc_nano.a(lib_a-closer.o)
 .ARM.attributes
                0x0000000000000a05       0x32 d:/learningsoftware/stm32cubeide/stm32cubeide/stm32cubeide/plugins/com.st.stm32cube.ide.mcu.externaltools.gnu-tools-for-stm32.7-2018-q2-update.win32_1.4.0.202007081208/tools/bin/../lib/gcc/arm-none-eabi/7.3.1/../../../../arm-none-eabi/lib/thumb/v7e-m/fpv5/hard\libc_nano.a(lib_a-fstatr.o)
 .ARM.attributes
                0x0000000000000a37       0x32 d:/learningsoftware/stm32cubeide/stm32cubeide/stm32cubeide/plugins/com.st.stm32cube.ide.mcu.externaltools.gnu-tools-for-stm32.7-2018-q2-update.win32_1.4.0.202007081208/tools/bin/../lib/gcc/arm-none-eabi/7.3.1/../../../../arm-none-eabi/lib/thumb/v7e-m/fpv5/hard\libc_nano.a(lib_a-isattyr.o)
 .ARM.attributes
                0x0000000000000a69       0x32 d:/learningsoftware/stm32cubeide/stm32cubeide/stm32cubeide/plugins/com.st.stm32cube.ide.mcu.externaltools.gnu-tools-for-stm32.7-2018-q2-update.win32_1.4.0.202007081208/tools/bin/../lib/gcc/arm-none-eabi/7.3.1/../../../../arm-none-eabi/lib/thumb/v7e-m/fpv5/hard\libc_nano.a(lib_a-lseekr.o)
 .ARM.attributes
                0x0000000000000a9b       0x1e d:/learningsoftware/stm32cubeide/stm32cubeide/stm32cubeide/plugins/com.st.stm32cube.ide.mcu.externaltools.gnu-tools-for-stm32.7-2018-q2-update.win32_1.4.0.202007081208/tools/bin/../lib/gcc/arm-none-eabi/7.3.1/../../../../arm-none-eabi/lib/thumb/v7e-m/fpv5/hard\libc_nano.a(lib_a-memchr.o)
 .ARM.attributes
                0x0000000000000ab9       0x32 d:/learningsoftware/stm32cubeide/stm32cubeide/stm32cubeide/plugins/com.st.stm32cube.ide.mcu.externaltools.gnu-tools-for-stm32.7-2018-q2-update.win32_1.4.0.202007081208/tools/bin/../lib/gcc/arm-none-eabi/7.3.1/../../../../arm-none-eabi/lib/thumb/v7e-m/fpv5/hard\libc_nano.a(lib_a-mlock.o)
 .ARM.attributes
                0x0000000000000aeb       0x32 d:/learningsoftware/stm32cubeide/stm32cubeide/stm32cubeide/plugins/com.st.stm32cube.ide.mcu.externaltools.gnu-tools-for-stm32.7-2018-q2-update.win32_1.4.0.202007081208/tools/bin/../lib/gcc/arm-none-eabi/7.3.1/../../../../arm-none-eabi/lib/thumb/v7e-m/fpv5/hard\libc_nano.a(lib_a-readr.o)
 .ARM.attributes
                0x0000000000000b1d       0x32 d:/learningsoftware/stm32cubeide/stm32cubeide/stm32cubeide/plugins/com.st.stm32cube.ide.mcu.externaltools.gnu-tools-for-stm32.7-2018-q2-update.win32_1.4.0.202007081208/tools/bin/../lib/gcc/arm-none-eabi/7.3.1/../../../../arm-none-eabi/lib/thumb/v7e-m/fpv5/hard\libc_nano.a(lib_a-reent.o)
 .ARM.attributes
                0x0000000000000b4f       0x20 d:/learningsoftware/stm32cubeide/stm32cubeide/stm32cubeide/plugins/com.st.stm32cube.ide.mcu.externaltools.gnu-tools-for-stm32.7-2018-q2-update.win32_1.4.0.202007081208/tools/bin/../lib/gcc/arm-none-eabi/7.3.1/thumb/v7e-m/fpv5/hard\libgcc.a(_aeabi_uldivmod.o)
 .ARM.attributes
                0x0000000000000b6f       0x32 d:/learningsoftware/stm32cubeide/stm32cubeide/stm32cubeide/plugins/com.st.stm32cube.ide.mcu.externaltools.gnu-tools-for-stm32.7-2018-q2-update.win32_1.4.0.202007081208/tools/bin/../lib/gcc/arm-none-eabi/7.3.1/thumb/v7e-m/fpv5/hard\libgcc.a(_udivmoddi4.o)
 .ARM.attributes
                0x0000000000000ba1       0x20 d:/learningsoftware/stm32cubeide/stm32cubeide/stm32cubeide/plugins/com.st.stm32cube.ide.mcu.externaltools.gnu-tools-for-stm32.7-2018-q2-update.win32_1.4.0.202007081208/tools/bin/../lib/gcc/arm-none-eabi/7.3.1/thumb/v7e-m/fpv5/hard\libgcc.a(_dvmd_tls.o)
 .ARM.attributes
                0x0000000000000bc1       0x20 d:/learningsoftware/stm32cubeide/stm32cubeide/stm32cubeide/plugins/com.st.stm32cube.ide.mcu.externaltools.gnu-tools-for-stm32.7-2018-q2-update.win32_1.4.0.202007081208/tools/bin/../lib/gcc/arm-none-eabi/7.3.1/thumb/v7e-m/fpv5/hard/crtn.o
OUTPUT([STM32F767]UART_CLI.elf elf32-littlearm)

.debug_info     0x0000000000000000    0x1496b
 .debug_info    0x0000000000000000      0x809 Core/Src/gpio.o
 .debug_info    0x0000000000000809      0x27e Core/Src/iwdg.o
 .debug_info    0x0000000000000a87     0x253a Core/Src/main.o
 .debug_info    0x0000000000002fc1     0x17e9 Core/Src/myCLI.o
 .debug_info    0x00000000000047aa     0x1453 Core/Src/myDebug.o
 .debug_info    0x0000000000005bfd     0x12b8 Core/Src/retarget.o
 .debug_info    0x0000000000006eb5      0x389 Core/Src/stm32f7xx_hal_msp.o
 .debug_info    0x000000000000723e      0xa48 Core/Src/stm32f7xx_it.o
 .debug_info    0x0000000000007c86      0x985 Core/Src/sysmem.o
 .debug_info    0x000000000000860b      0x73d Core/Src/system_stm32f7xx.o
 .debug_info    0x0000000000008d48      0xbd0 Core/Src/tim.o
 .debug_info    0x0000000000009918      0xd0e Core/Src/usart.o
 .debug_info    0x000000000000a626       0x22 Core/Startup/startup_stm32f767zitx.o
 .debug_info    0x000000000000a648      0xa46 Drivers/STM32F7xx_HAL_Driver/Src/stm32f7xx_hal.o
 .debug_info    0x000000000000b08e     0x108c Drivers/STM32F7xx_HAL_Driver/Src/stm32f7xx_hal_cortex.o
 .debug_info    0x000000000000c11a      0x968 Drivers/STM32F7xx_HAL_Driver/Src/stm32f7xx_hal_dma.o
 .debug_info    0x000000000000ca82      0x7e9 Drivers/STM32F7xx_HAL_Driver/Src/stm32f7xx_hal_gpio.o
 .debug_info    0x000000000000d26b      0x2c0 Drivers/STM32F7xx_HAL_Driver/Src/stm32f7xx_hal_iwdg.o
 .debug_info    0x000000000000d52b      0x9b4 Drivers/STM32F7xx_HAL_Driver/Src/stm32f7xx_hal_pwr.o
 .debug_info    0x000000000000dedf      0x96b Drivers/STM32F7xx_HAL_Driver/Src/stm32f7xx_hal_pwr_ex.o
 .debug_info    0x000000000000e84a      0x996 Drivers/STM32F7xx_HAL_Driver/Src/stm32f7xx_hal_rcc.o
 .debug_info    0x000000000000f1e0      0x7d1 Drivers/STM32F7xx_HAL_Driver/Src/stm32f7xx_hal_rcc_ex.o
 .debug_info    0x000000000000f9b1     0x25bc Drivers/STM32F7xx_HAL_Driver/Src/stm32f7xx_hal_tim.o
 .debug_info    0x0000000000011f6d     0x1307 Drivers/STM32F7xx_HAL_Driver/Src/stm32f7xx_hal_tim_ex.o
 .debug_info    0x0000000000013274     0x16f7 Drivers/STM32F7xx_HAL_Driver/Src/stm32f7xx_hal_uart.o

.debug_abbrev   0x0000000000000000     0x2b7f
 .debug_abbrev  0x0000000000000000      0x13d Core/Src/gpio.o
 .debug_abbrev  0x000000000000013d      0x118 Core/Src/iwdg.o
 .debug_abbrev  0x0000000000000255      0x25c Core/Src/main.o
 .debug_abbrev  0x00000000000004b1      0x251 Core/Src/myCLI.o
 .debug_abbrev  0x0000000000000702      0x21a Core/Src/myDebug.o
 .debug_abbrev  0x000000000000091c      0x201 Core/Src/retarget.o
 .debug_abbrev  0x0000000000000b1d      0x109 Core/Src/stm32f7xx_hal_msp.o
 .debug_abbrev  0x0000000000000c26      0x15a Core/Src/stm32f7xx_it.o
 .debug_abbrev  0x0000000000000d80      0x19b Core/Src/sysmem.o
 .debug_abbrev  0x0000000000000f1b      0x147 Core/Src/system_stm32f7xx.o
 .debug_abbrev  0x0000000000001062      0x199 Core/Src/tim.o
 .debug_abbrev  0x00000000000011fb      0x1a2 Core/Src/usart.o
 .debug_abbrev  0x000000000000139d       0x12 Core/Startup/startup_stm32f767zitx.o
 .debug_abbrev  0x00000000000013af      0x1c7 Drivers/STM32F7xx_HAL_Driver/Src/stm32f7xx_hal.o
 .debug_abbrev  0x0000000000001576      0x2fa Drivers/STM32F7xx_HAL_Driver/Src/stm32f7xx_hal_cortex.o
 .debug_abbrev  0x0000000000001870      0x229 Drivers/STM32F7xx_HAL_Driver/Src/stm32f7xx_hal_dma.o
 .debug_abbrev  0x0000000000001a99      0x1c9 Drivers/STM32F7xx_HAL_Driver/Src/stm32f7xx_hal_gpio.o
 .debug_abbrev  0x0000000000001c62      0x147 Drivers/STM32F7xx_HAL_Driver/Src/stm32f7xx_hal_iwdg.o
 .debug_abbrev  0x0000000000001da9      0x1b6 Drivers/STM32F7xx_HAL_Driver/Src/stm32f7xx_hal_pwr.o
 .debug_abbrev  0x0000000000001f5f      0x1b8 Drivers/STM32F7xx_HAL_Driver/Src/stm32f7xx_hal_pwr_ex.o
 .debug_abbrev  0x0000000000002117      0x268 Drivers/STM32F7xx_HAL_Driver/Src/stm32f7xx_hal_rcc.o
 .debug_abbrev  0x000000000000237f      0x1ad Drivers/STM32F7xx_HAL_Driver/Src/stm32f7xx_hal_rcc_ex.o
 .debug_abbrev  0x000000000000252c      0x230 Drivers/STM32F7xx_HAL_Driver/Src/stm32f7xx_hal_tim.o
 .debug_abbrev  0x000000000000275c      0x21e Drivers/STM32F7xx_HAL_Driver/Src/stm32f7xx_hal_tim_ex.o
 .debug_abbrev  0x000000000000297a      0x205 Drivers/STM32F7xx_HAL_Driver/Src/stm32f7xx_hal_uart.o

.debug_aranges  0x0000000000000000      0xf38
 .debug_aranges
                0x0000000000000000       0x20 Core/Src/gpio.o
 .debug_aranges
                0x0000000000000020       0x20 Core/Src/iwdg.o
 .debug_aranges
                0x0000000000000040       0x40 Core/Src/main.o
 .debug_aranges
                0x0000000000000080       0x40 Core/Src/myCLI.o
 .debug_aranges
                0x00000000000000c0       0x58 Core/Src/myDebug.o
 .debug_aranges
                0x0000000000000118       0x50 Core/Src/retarget.o
 .debug_aranges
                0x0000000000000168       0x20 Core/Src/stm32f7xx_hal_msp.o
 .debug_aranges
                0x0000000000000188       0x78 Core/Src/stm32f7xx_it.o
 .debug_aranges
                0x0000000000000200       0x20 Core/Src/sysmem.o
 .debug_aranges
                0x0000000000000220       0x28 Core/Src/system_stm32f7xx.o
 .debug_aranges
                0x0000000000000248       0x30 Core/Src/tim.o
 .debug_aranges
                0x0000000000000278       0x30 Core/Src/usart.o
 .debug_aranges
                0x00000000000002a8       0x28 Core/Startup/startup_stm32f767zitx.o
 .debug_aranges
                0x00000000000002d0      0x110 Drivers/STM32F7xx_HAL_Driver/Src/stm32f7xx_hal.o
 .debug_aranges
                0x00000000000003e0      0x118 Drivers/STM32F7xx_HAL_Driver/Src/stm32f7xx_hal_cortex.o
 .debug_aranges
                0x00000000000004f8       0x90 Drivers/STM32F7xx_HAL_Driver/Src/stm32f7xx_hal_dma.o
 .debug_aranges
                0x0000000000000588       0x58 Drivers/STM32F7xx_HAL_Driver/Src/stm32f7xx_hal_gpio.o
 .debug_aranges
                0x00000000000005e0       0x28 Drivers/STM32F7xx_HAL_Driver/Src/stm32f7xx_hal_iwdg.o
 .debug_aranges
                0x0000000000000608       0xa0 Drivers/STM32F7xx_HAL_Driver/Src/stm32f7xx_hal_pwr.o
 .debug_aranges
                0x00000000000006a8       0x80 Drivers/STM32F7xx_HAL_Driver/Src/stm32f7xx_hal_pwr_ex.o
 .debug_aranges
                0x0000000000000728       0x88 Drivers/STM32F7xx_HAL_Driver/Src/stm32f7xx_hal_rcc.o
 .debug_aranges
                0x00000000000007b0       0x50 Drivers/STM32F7xx_HAL_Driver/Src/stm32f7xx_hal_rcc_ex.o
 .debug_aranges
                0x0000000000000800      0x3b8 Drivers/STM32F7xx_HAL_Driver/Src/stm32f7xx_hal_tim.o
 .debug_aranges
                0x0000000000000bb8      0x168 Drivers/STM32F7xx_HAL_Driver/Src/stm32f7xx_hal_tim_ex.o
 .debug_aranges
                0x0000000000000d20      0x218 Drivers/STM32F7xx_HAL_Driver/Src/stm32f7xx_hal_uart.o

.debug_ranges   0x0000000000000000      0xdb0
 .debug_ranges  0x0000000000000000       0x10 Core/Src/gpio.o
 .debug_ranges  0x0000000000000010       0x10 Core/Src/iwdg.o
 .debug_ranges  0x0000000000000020       0x30 Core/Src/main.o
 .debug_ranges  0x0000000000000050       0x30 Core/Src/myCLI.o
 .debug_ranges  0x0000000000000080       0x48 Core/Src/myDebug.o
 .debug_ranges  0x00000000000000c8       0x40 Core/Src/retarget.o
 .debug_ranges  0x0000000000000108       0x10 Core/Src/stm32f7xx_hal_msp.o
 .debug_ranges  0x0000000000000118       0x68 Core/Src/stm32f7xx_it.o
 .debug_ranges  0x0000000000000180       0x10 Core/Src/sysmem.o
 .debug_ranges  0x0000000000000190       0x18 Core/Src/system_stm32f7xx.o
 .debug_ranges  0x00000000000001a8       0x20 Core/Src/tim.o
 .debug_ranges  0x00000000000001c8       0x20 Core/Src/usart.o
 .debug_ranges  0x00000000000001e8       0x20 Core/Startup/startup_stm32f767zitx.o
 .debug_ranges  0x0000000000000208      0x100 Drivers/STM32F7xx_HAL_Driver/Src/stm32f7xx_hal.o
 .debug_ranges  0x0000000000000308      0x108 Drivers/STM32F7xx_HAL_Driver/Src/stm32f7xx_hal_cortex.o
 .debug_ranges  0x0000000000000410       0x80 Drivers/STM32F7xx_HAL_Driver/Src/stm32f7xx_hal_dma.o
 .debug_ranges  0x0000000000000490       0x48 Drivers/STM32F7xx_HAL_Driver/Src/stm32f7xx_hal_gpio.o
 .debug_ranges  0x00000000000004d8       0x18 Drivers/STM32F7xx_HAL_Driver/Src/stm32f7xx_hal_iwdg.o
 .debug_ranges  0x00000000000004f0       0x90 Drivers/STM32F7xx_HAL_Driver/Src/stm32f7xx_hal_pwr.o
 .debug_ranges  0x0000000000000580       0x70 Drivers/STM32F7xx_HAL_Driver/Src/stm32f7xx_hal_pwr_ex.o
 .debug_ranges  0x00000000000005f0       0x78 Drivers/STM32F7xx_HAL_Driver/Src/stm32f7xx_hal_rcc.o
 .debug_ranges  0x0000000000000668       0x40 Drivers/STM32F7xx_HAL_Driver/Src/stm32f7xx_hal_rcc_ex.o
 .debug_ranges  0x00000000000006a8      0x3a8 Drivers/STM32F7xx_HAL_Driver/Src/stm32f7xx_hal_tim.o
 .debug_ranges  0x0000000000000a50      0x158 Drivers/STM32F7xx_HAL_Driver/Src/stm32f7xx_hal_tim_ex.o
 .debug_ranges  0x0000000000000ba8      0x208 Drivers/STM32F7xx_HAL_Driver/Src/stm32f7xx_hal_uart.o

.debug_macro    0x0000000000000000     0x5760
 .debug_macro   0x0000000000000000      0x234 Core/Src/gpio.o
 .debug_macro   0x0000000000000234      0x234 Core/Src/iwdg.o
 .debug_macro   0x0000000000000468      0x482 Core/Src/main.o
 .debug_macro   0x00000000000008ea       0x46 Core/Src/main.o
 .debug_macro   0x0000000000000930       0x17 Core/Src/main.o
 .debug_macro   0x0000000000000947       0x3c Core/Src/main.o
 .debug_macro   0x0000000000000983       0x34 Core/Src/main.o
 .debug_macro   0x00000000000009b7       0x52 Core/Src/main.o
 .debug_macro   0x0000000000000a09       0x1f Core/Src/main.o
 .debug_macro   0x0000000000000a28       0x43 Core/Src/main.o
 .debug_macro   0x0000000000000a6b       0x20 Core/Src/main.o
 .debug_macro   0x0000000000000a8b      0x1a3 Core/Src/main.o
 .debug_macro   0x0000000000000c2e      0x32a Core/Src/main.o
 .debug_macro   0x0000000000000f58       0x10 Core/Src/main.o
 .debug_macro   0x0000000000000f68       0x35 Core/Src/main.o
 .debug_macro   0x0000000000000f9d       0x20 Core/Src/main.o
 .debug_macro   0x0000000000000fbd       0x1c Core/Src/main.o
 .debug_macro   0x0000000000000fd9       0x10 Core/Src/main.o
 .debug_macro   0x0000000000000fe9       0x10 Core/Src/main.o
 .debug_macro   0x0000000000000ff9       0x1c Core/Src/main.o
 .debug_macro   0x0000000000001015       0x52 Core/Src/main.o
 .debug_macro   0x0000000000001067       0x40 Core/Src/main.o
 .debug_macro   0x00000000000010a7       0x10 Core/Src/main.o
 .debug_macro   0x00000000000010b7       0x40 Core/Src/main.o
 .debug_macro   0x00000000000010f7       0xd7 Core/Src/main.o
 .debug_macro   0x00000000000011ce       0x1c Core/Src/main.o
 .debug_macro   0x00000000000011ea       0x3d Core/Src/main.o
 .debug_macro   0x0000000000001227       0x16 Core/Src/main.o
 .debug_macro   0x000000000000123d      0x145 Core/Src/main.o
 .debug_macro   0x0000000000001382       0x16 Core/Src/main.o
 .debug_macro   0x0000000000001398       0x16 Core/Src/main.o
 .debug_macro   0x00000000000013ae       0x29 Core/Src/main.o
 .debug_macro   0x00000000000013d7       0x16 Core/Src/main.o
 .debug_macro   0x00000000000013ed       0x10 Core/Src/main.o
 .debug_macro   0x00000000000013fd       0x41 Core/Src/main.o
 .debug_macro   0x000000000000143e      0x122 Core/Src/main.o
 .debug_macro   0x0000000000001560       0x6a Core/Src/main.o
 .debug_macro   0x00000000000015ca       0x80 Core/Src/main.o
 .debug_macro   0x000000000000164a       0x10 Core/Src/main.o
 .debug_macro   0x000000000000165a      0x458 Core/Src/myCLI.o
 .debug_macro   0x0000000000001ab2       0x16 Core/Src/myCLI.o
 .debug_macro   0x0000000000001ac8       0x16 Core/Src/myCLI.o
 .debug_macro   0x0000000000001ade       0x16 Core/Src/myCLI.o
 .debug_macro   0x0000000000001af4      0x42f Core/Src/myDebug.o
 .debug_macro   0x0000000000001f23       0x40 Core/Src/myDebug.o
 .debug_macro   0x0000000000001f63       0x94 Core/Src/myDebug.o
 .debug_macro   0x0000000000001ff7       0x57 Core/Src/myDebug.o
 .debug_macro   0x000000000000204e      0x330 Core/Src/myDebug.o
 .debug_macro   0x000000000000237e       0xd9 Core/Src/myDebug.o
 .debug_macro   0x0000000000002457       0x5b Core/Src/myDebug.o
 .debug_macro   0x00000000000024b2      0x4a5 Core/Src/retarget.o
 .debug_macro   0x0000000000002957       0x1c Core/Src/retarget.o
 .debug_macro   0x0000000000002973       0x10 Core/Src/retarget.o
 .debug_macro   0x0000000000002983      0x241 Core/Src/retarget.o
 .debug_macro   0x0000000000002bc4       0x88 Core/Src/retarget.o
 .debug_macro   0x0000000000002c4c       0x2b Core/Src/retarget.o
 .debug_macro   0x0000000000002c77      0x118 Core/Src/retarget.o
 .debug_macro   0x0000000000002d8f      0x189 Core/Src/retarget.o
 .debug_macro   0x0000000000002f18       0x16 Core/Src/retarget.o
 .debug_macro   0x0000000000002f2e      0x22a Core/Src/stm32f7xx_hal_msp.o
 .debug_macro   0x0000000000003158      0x234 Core/Src/stm32f7xx_it.o
 .debug_macro   0x000000000000338c       0xee Core/Src/sysmem.o
 .debug_macro   0x000000000000347a      0x23b Core/Src/sysmem.o
 .debug_macro   0x00000000000036b5      0x221 Core/Src/system_stm32f7xx.o
 .debug_macro   0x00000000000038d6      0x234 Core/Src/tim.o
 .debug_macro   0x0000000000003b0a      0x234 Core/Src/usart.o
 .debug_macro   0x0000000000003d3e      0x23f Drivers/STM32F7xx_HAL_Driver/Src/stm32f7xx_hal.o
 .debug_macro   0x0000000000003f7d      0x21b Drivers/STM32F7xx_HAL_Driver/Src/stm32f7xx_hal_cortex.o
 .debug_macro   0x0000000000004198      0x221 Drivers/STM32F7xx_HAL_Driver/Src/stm32f7xx_hal_dma.o
 .debug_macro   0x00000000000043b9      0x251 Drivers/STM32F7xx_HAL_Driver/Src/stm32f7xx_hal_gpio.o
 .debug_macro   0x000000000000460a      0x221 Drivers/STM32F7xx_HAL_Driver/Src/stm32f7xx_hal_iwdg.o
 .debug_macro   0x000000000000482b      0x239 Drivers/STM32F7xx_HAL_Driver/Src/stm32f7xx_hal_pwr.o
 .debug_macro   0x0000000000004a64      0x233 Drivers/STM32F7xx_HAL_Driver/Src/stm32f7xx_hal_pwr_ex.o
 .debug_macro   0x0000000000004c97      0x23f Drivers/STM32F7xx_HAL_Driver/Src/stm32f7xx_hal_rcc.o
 .debug_macro   0x0000000000004ed6      0x21b Drivers/STM32F7xx_HAL_Driver/Src/stm32f7xx_hal_rcc_ex.o
 .debug_macro   0x00000000000050f1      0x21c Drivers/STM32F7xx_HAL_Driver/Src/stm32f7xx_hal_tim.o
 .debug_macro   0x000000000000530d      0x21b Drivers/STM32F7xx_HAL_Driver/Src/stm32f7xx_hal_tim_ex.o
 .debug_macro   0x0000000000005528      0x238 Drivers/STM32F7xx_HAL_Driver/Src/stm32f7xx_hal_uart.o

.debug_line     0x0000000000000000    0x12246
 .debug_line    0x0000000000000000      0x8f5 Core/Src/gpio.o
 .debug_line    0x00000000000008f5      0x8d8 Core/Src/iwdg.o
 .debug_line    0x00000000000011cd      0xdeb Core/Src/main.o